=== 2026-08-14 15:08:23 project1-ver2 실행 ===
Gazebo 창: true · RViz: false · ROS_DOMAIN_ID: 22
[1/3] Gazebo bringup
[INFO] [launch]: All log files can be found below /home/gyi/.ros/log/2026-08-14-15-08-25-038395-gyi-15UD50T-GX5JK-196826
[INFO] [launch]: Default logging verbosity is set to INFO
[INFO] [gazebo-1]: process started with pid [196875]
[INFO] [gazebo-2]: process started with pid [196876]
[INFO] [robot_state_publisher-3]: process started with pid [196877]
[INFO] [joint_state_publisher-4]: process started with pid [196879]
[INFO] [create-5]: process started with pid [196881]
[INFO] [robot_state_publisher-6]: process started with pid [196882]
[INFO] [create-7]: process started with pid [196883]
[INFO] [spawner-8]: process started with pid [196884]
[INFO] [spawner-9]: process started with pid [196885]
[INFO] [spawner-10]: process started with pid [196886]
[INFO] [parameter_bridge-11]: process started with pid [196887]
[robot_state_publisher-6] [INFO] [1786687706.765374759] [omx_01.robot_state_publisher]: Robot initialized
[robot_state_publisher-3] [INFO] [1786687706.765374776] [pinky_01.robot_state_publisher]: Robot initialized
[create-7] [INFO] [1786687706.770818915] [omx_01.ros_gz_sim]: Requesting list of world names.
[create-5] [INFO] [1786687706.778168600] [pinky_01.ros_gz_sim]: Requesting list of world names.
[gazebo-1] [1;33m[Wrn] [gz.cc:102] [0m[1;33mFuel world download failed because [0m[1;33mFetch failed. Other errors[0m[1;33m[0m
[gazebo-1] Unable to find or download file 
[ERROR] [gazebo-1]: process has died [pid 196875, exit code 255, cmd 'ruby /opt/ros/jazzy/opt/gz_tools_vendor/bin/gz sim -r -s -v2 --headless-rendering /home/gyi/robosapiens/rmf_maps/project1-ver2/project1-ver2.world --force-version 8'].
[INFO] [launch]: process[gazebo-1] was required: shutting down launched system
[INFO] [parameter_bridge-11]: sending signal 'SIGINT' to process[parameter_bridge-11]
[INFO] [spawner-10]: sending signal 'SIGINT' to process[spawner-10]
[INFO] [spawner-9]: sending signal 'SIGINT' to process[spawner-9]
[INFO] [spawner-8]: sending signal 'SIGINT' to process[spawner-8]
[INFO] [create-7]: sending signal 'SIGINT' to process[create-7]
[INFO] [robot_state_publisher-6]: sending signal 'SIGINT' to process[robot_state_publisher-6]
[INFO] [create-5]: sending signal 'SIGINT' to process[create-5]
[INFO] [joint_state_publisher-4]: sending signal 'SIGINT' to process[joint_state_publisher-4]
[INFO] [robot_state_publisher-3]: sending signal 'SIGINT' to process[robot_state_publisher-3]
[INFO] [gazebo-2]: sending signal 'SIGINT' to process[gazebo-2]
[parameter_bridge-11] [INFO] [1786687706.958717481] [rclcpp]: signal_handler(SIGINT/SIGTERM)
[create-7] [INFO] [1786687706.966586038] [rclcpp]: signal_handler(SIGINT/SIGTERM)
[create-5] [INFO] [1786687706.973803256] [rclcpp]: signal_handler(SIGINT/SIGTERM)
[robot_state_publisher-6] [INFO] [1786687706.975735044] [rclcpp]: signal_handler(SIGINT/SIGTERM)
[robot_state_publisher-3] [INFO] [1786687706.978600061] [rclcpp]: signal_handler(SIGINT/SIGTERM)
[INFO] [parameter_bridge-11]: process has finished cleanly [pid 196887]
[INFO] [robot_state_publisher-6]: process has finished cleanly [pid 196882]
[INFO] [robot_state_publisher-3]: process has finished cleanly [pid 196877]
[gazebo-2] inotify_add_watch(/home/gyi/.config/ibus/bus/59f08e6037ad4e6a8623017e1c5e4353-unix-wayland-0) failed: (No space left on device)
[spawner-10] [INFO] [1786687707.217261399] [omx_01.spawner_gripper_controller]: waiting for service /omx_01/controller_manager/list_controllers to become available...
[joint_state_publisher-4] [INFO] [1786687707.272618334] [pinky_01.joint_state_publisher]: Waiting for robot_description to be published on the robot_description topic...
[gazebo-2] [1;33m[GUI] [Wrn] [Application.cc:908] [0m[1;33m[QT] file:///usr/lib/x86_64-linux-gnu/qt5/qml/QtQuick/Dialogs/DefaultFileDialog.qml:413:17: QML ToolButton: Binding loop detected for property "implicitHeight"[0m[1;33m[0m
[gazebo-2] [1;33m[GUI] [Wrn] [Application.cc:908] [0m[1;33m[QT] file:///usr/lib/x86_64-linux-gnu/qt5/qml/QtQuick/Dialogs/DefaultFileDialog.qml:309:21: QML Button: Binding loop detected for property "implicitHeight"[0m[1;33m[0m
  ↑ 같은 줄 1번 더
[gazebo-2] [1;33m[GUI] [Wrn] [Application.cc:908] [0m[1;33m[QT] file:///usr/lib/x86_64-linux-gnu/qt5/qml/QtQuick/Dialogs/DefaultFileDialog.qml:413:17: QML ToolButton: Binding loop detected for property "implicitHeight"[0m[1;33m[0m
[gazebo-2] [1;33m[GUI] [Wrn] [Application.cc:908] [0m[1;33m[QT] file:///usr/lib/x86_64-linux-gnu/qt5/qml/QtQuick/Dialogs/DefaultFileDialog.qml:309:21: QML Button: Binding loop detected for property "implicitHeight"[0m[1;33m[0m
  ↑ 같은 줄 1번 더
[gazebo-2] [1;33m[GUI] [Wrn] [Application.cc:908] [0m[1;33m[QT] file:///usr/lib/x86_64-linux-gnu/qt5/qml/QtQuick/Dialogs/DefaultFileDialog.qml:413:17: QML ToolButton: Binding loop detected for property "implicitHeight"[0m[1;33m[0m
[gazebo-2] [1;33m[GUI] [Wrn] [Application.cc:908] [0m[1;33m[QT] file:///usr/lib/x86_64-linux-gnu/qt5/qml/QtQuick/Dialogs/DefaultFileDialog.qml:309:21: QML Button: Binding loop detected for property "implicitHeight"[0m[1;33m[0m
  ↑ 같은 줄 1번 더
[create-7] [INFO] [1786687711.771352684] [omx_01.ros_gz_sim]: Timed out when getting world names.
[create-5] [INFO] [1786687711.778841821] [pinky_01.ros_gz_sim]: Timed out when getting world names.
[ERROR] [create-7]: process has died [pid 196883, exit code 255, cmd '/opt/ros/jazzy/lib/ros_gz_sim/create -name omx_01 -topic robot_description -x 1.158 -y -2.253 -z 0.0 -Y 0.000 -allow_renaming true --ros-args -r __ns:=/omx_01 --params-file /tmp/launch_params_hky9ad61'].
[ERROR] [create-5]: process has died [pid 196881, exit code 255, cmd '/opt/ros/jazzy/lib/ros_gz_sim/create -name pinky_01 -topic /pinky_01/robot_description -x 1.612 -y -0.717 -z 0.1 -Y 0.000 --ros-args -r __ns:=/pinky_01 --params-file /tmp/launch_params_r9iyy_f1'].
[ERROR] [spawner-10]: process[spawner-10] failed to terminate '5' seconds after receiving 'SIGINT', escalating to 'SIGTERM'
[ERROR] [spawner-9]: process[spawner-9] failed to terminate '5' seconds after receiving 'SIGINT', escalating to 'SIGTERM'
[INFO] [spawner-10]: sending signal 'SIGTERM' to process[spawner-10]
[ERROR] [spawner-8]: process[spawner-8] failed to terminate '5' seconds after receiving 'SIGINT', escalating to 'SIGTERM'
[INFO] [spawner-9]: sending signal 'SIGTERM' to process[spawner-9]
[ERROR] [joint_state_publisher-4]: process[joint_state_publisher-4] failed to terminate '5' seconds after receiving 'SIGINT', escalating to 'SIGTERM'
[ERROR] [gazebo-2]: process[gazebo-2] failed to terminate '5' seconds after receiving 'SIGINT', escalating to 'SIGTERM'
[INFO] [spawner-8]: sending signal 'SIGTERM' to process[spawner-8]
[INFO] [joint_state_publisher-4]: sending signal 'SIGTERM' to process[joint_state_publisher-4]
[INFO] [gazebo-2]: sending signal 'SIGTERM' to process[gazebo-2]
[ERROR] [spawner-10]: process has died [pid 196886, exit code -15, cmd '/opt/ros/jazzy/lib/controller_manager/spawner gripper_controller --ros-args -r __ns:=/omx_01'].
[ERROR] [gazebo-2]: process has died [pid 196876, exit code -15, cmd 'ruby /opt/ros/jazzy/opt/gz_tools_vendor/bin/gz sim -g -v2 --force-version 8'].
[ERROR] [spawner-9]: process has died [pid 196885, exit code -15, cmd '/opt/ros/jazzy/lib/controller_manager/spawner arm_controller --ros-args -r __ns:=/omx_01'].
[ERROR] [spawner-8]: process has died [pid 196884, exit code -15, cmd '/opt/ros/jazzy/lib/controller_manager/spawner joint_state_broadcaster --ros-args -r __ns:=/omx_01'].
[joint_state_publisher-4] Traceback (most recent call last):
[joint_state_publisher-4]   File "/opt/ros/jazzy/lib/joint_state_publisher/joint_state_publisher", line 33, in <module>
[joint_state_publisher-4]     sys.exit(load_entry_point('joint-state-publisher==2.4.1', 'console_scripts', 'joint_state_publisher')())
[joint_state_publisher-4]              ^^^^^^^^^^^^^^^^^^^^^^^^^^^^^^^^^^^^^^^^^^^^^^^^^^^^^^^^^^^^^^^^^^^^^^^^^^^^^^^^^^^^^^^^^^^^^^
[joint_state_publisher-4]   File "/opt/ros/jazzy/lib/python3.12/site-packages/joint_state_publisher/joint_state_publisher.py", line 568, in main
[joint_state_publisher-4]     rclpy.spin(jsp)
[joint_state_publisher-4]   File "/opt/ros/jazzy/lib/python3.12/site-packages/rclpy/__init__.py", line 247, in spin
[joint_state_publisher-4]     executor.spin_once()
[joint_state_publisher-4]   File "/opt/ros/jazzy/lib/python3.12/site-packages/rclpy/executors.py", line 926, in spin_once
[joint_state_publisher-4]     self._spin_once_impl(timeout_sec)
[joint_state_publisher-4]   File "/opt/ros/jazzy/lib/python3.12/site-packages/rclpy/executors.py", line 907, in _spin_once_impl
[joint_state_publisher-4]     handler, entity, node = self.wait_for_ready_callbacks(
[joint_state_publisher-4]                             ^^^^^^^^^^^^^^^^^^^^^^^^^^^^^^
[joint_state_publisher-4]   File "/opt/ros/jazzy/lib/python3.12/site-packages/rclpy/executors.py", line 877, in wait_for_ready_callbacks
[joint_state_publisher-4]     return next(self._cb_iter)
[joint_state_publisher-4]            ^^^^^^^^^^^^^^^^^^^
[joint_state_publisher-4]   File "/opt/ros/jazzy/lib/python3.12/site-packages/rclpy/executors.py", line 785, in _wait_for_ready_callbacks
[joint_state_publisher-4]     raise ExternalShutdownException()
[joint_state_publisher-4] rclpy.executors.ExternalShutdownException
[ERROR] [joint_state_publisher-4]: process has died [pid 196879, exit code 1, cmd '/opt/ros/jazzy/lib/joint_state_publisher/joint_state_publisher --ros-args -r __node:=joint_state_publisher -r __ns:=/pinky_01 --params-file /tmp/launch_params_denvd_98 --params-file /tmp/launch_params_1q8ust4x --params-file /tmp/launch_params_bwp58mxe'].
=== 2026-08-14 15:11:30 project1-ver2 실행 ===
Gazebo 창: true · RViz: false · ROS_DOMAIN_ID: 22
[1/3] Gazebo bringup
[INFO] [launch]: All log files can be found below /home/gyi/.ros/log/2026-08-14-15-11-32-696414-gyi-15UD50T-GX5JK-218514
[INFO] [launch]: Default logging verbosity is set to INFO
[INFO] [gazebo-1]: process started with pid [218597]
[INFO] [gazebo-2]: process started with pid [218598]
[INFO] [robot_state_publisher-3]: process started with pid [218599]
[INFO] [joint_state_publisher-4]: process started with pid [218601]
[INFO] [create-5]: process started with pid [218602]
[INFO] [robot_state_publisher-6]: process started with pid [218604]
[INFO] [create-7]: process started with pid [218605]
[INFO] [spawner-8]: process started with pid [218606]
[INFO] [spawner-9]: process started with pid [218607]
[INFO] [spawner-10]: process started with pid [218608]
[INFO] [parameter_bridge-11]: process started with pid [218609]
[create-5] [INFO] [1786687894.270733336] [pinky_01.ros_gz_sim]: Requesting list of world names.
[create-7] [INFO] [1786687894.282281762] [omx_01.ros_gz_sim]: Requesting list of world names.
[robot_state_publisher-6] [INFO] [1786687894.290976267] [omx_01.robot_state_publisher]: Robot initialized
[robot_state_publisher-3] [INFO] [1786687894.296334269] [pinky_01.robot_state_publisher]: Robot initialized
[gazebo-1] [1;33m[Wrn] [gz.cc:102] [0m[1;33mFuel world download failed because [0m[1;33mFetch failed. Other errors[0m[1;33m[0m
[gazebo-1] Unable to find or download file 
[ERROR] [gazebo-1]: process has died [pid 218597, exit code 255, cmd 'ruby /opt/ros/jazzy/opt/gz_tools_vendor/bin/gz sim -r -s -v2 --headless-rendering /home/gyi/robosapiens/rmf_maps/project1-ver2/project1-ver2.world --force-version 8'].
[INFO] [launch]: process[gazebo-1] was required: shutting down launched system
[INFO] [parameter_bridge-11]: sending signal 'SIGINT' to process[parameter_bridge-11]
[INFO] [spawner-10]: sending signal 'SIGINT' to process[spawner-10]
[INFO] [spawner-9]: sending signal 'SIGINT' to process[spawner-9]
[INFO] [spawner-8]: sending signal 'SIGINT' to process[spawner-8]
[INFO] [create-7]: sending signal 'SIGINT' to process[create-7]
[INFO] [robot_state_publisher-6]: sending signal 'SIGINT' to process[robot_state_publisher-6]
[INFO] [create-5]: sending signal 'SIGINT' to process[create-5]
[INFO] [joint_state_publisher-4]: sending signal 'SIGINT' to process[joint_state_publisher-4]
[INFO] [robot_state_publisher-3]: sending signal 'SIGINT' to process[robot_state_publisher-3]
[INFO] [gazebo-2]: sending signal 'SIGINT' to process[gazebo-2]
[parameter_bridge-11] [INFO] [1786687894.394123732] [rclcpp]: signal_handler(SIGINT/SIGTERM)
[create-7] [INFO] [1786687894.398685898] [rclcpp]: signal_handler(SIGINT/SIGTERM)
[robot_state_publisher-6] [INFO] [1786687894.401612299] [rclcpp]: signal_handler(SIGINT/SIGTERM)
[create-5] [INFO] [1786687894.401967958] [rclcpp]: signal_handler(SIGINT/SIGTERM)
[robot_state_publisher-3] [INFO] [1786687894.403750741] [rclcpp]: signal_handler(SIGINT/SIGTERM)
[INFO] [parameter_bridge-11]: process has finished cleanly [pid 218609]
[INFO] [robot_state_publisher-6]: process has finished cleanly [pid 218604]
[gazebo-2] inotify_add_watch(/home/gyi/.config/ibus/bus/59f08e6037ad4e6a8623017e1c5e4353-unix-wayland-0) failed: (No space left on device)
[INFO] [robot_state_publisher-3]: process has finished cleanly [pid 218599]
[spawner-9] [INFO] [1786687894.680339786] [omx_01.spawner_arm_controller]: waiting for service /omx_01/controller_manager/list_controllers to become available...
[gazebo-2] [1;33m[GUI] [Wrn] [Application.cc:908] [0m[1;33m[QT] file:///usr/lib/x86_64-linux-gnu/qt5/qml/QtQuick/Dialogs/DefaultFileDialog.qml:413:17: QML ToolButton: Binding loop detected for property "implicitHeight"[0m[1;33m[0m
[gazebo-2] [1;33m[GUI] [Wrn] [Application.cc:908] [0m[1;33m[QT] file:///usr/lib/x86_64-linux-gnu/qt5/qml/QtQuick/Dialogs/DefaultFileDialog.qml:309:21: QML Button: Binding loop detected for property "implicitHeight"[0m[1;33m[0m
  ↑ 같은 줄 1번 더
[gazebo-2] [1;33m[GUI] [Wrn] [Application.cc:908] [0m[1;33m[QT] file:///usr/lib/x86_64-linux-gnu/qt5/qml/QtQuick/Dialogs/DefaultFileDialog.qml:413:17: QML ToolButton: Binding loop detected for property "implicitHeight"[0m[1;33m[0m
[gazebo-2] [1;33m[GUI] [Wrn] [Application.cc:908] [0m[1;33m[QT] file:///usr/lib/x86_64-linux-gnu/qt5/qml/QtQuick/Dialogs/DefaultFileDialog.qml:309:21: QML Button: Binding loop detected for property "implicitHeight"[0m[1;33m[0m
  ↑ 같은 줄 1번 더
[joint_state_publisher-4] [INFO] [1786687894.786177528] [pinky_01.joint_state_publisher]: Waiting for robot_description to be published on the robot_description topic...
[gazebo-2] [1;33m[GUI] [Wrn] [Application.cc:908] [0m[1;33m[QT] file:///usr/lib/x86_64-linux-gnu/qt5/qml/QtQuick/Dialogs/DefaultFileDialog.qml:413:17: QML ToolButton: Binding loop detected for property "implicitHeight"[0m[1;33m[0m
[gazebo-2] [1;33m[GUI] [Wrn] [Application.cc:908] [0m[1;33m[QT] file:///usr/lib/x86_64-linux-gnu/qt5/qml/QtQuick/Dialogs/DefaultFileDialog.qml:309:21: QML Button: Binding loop detected for property "implicitHeight"[0m[1;33m[0m
  ↑ 같은 줄 1번 더
[create-5] [INFO] [1786687899.271978323] [pinky_01.ros_gz_sim]: Timed out when getting world names.
[create-7] [INFO] [1786687899.282842901] [omx_01.ros_gz_sim]: Timed out when getting world names.
[ERROR] [create-5]: process has died [pid 218602, exit code 255, cmd '/opt/ros/jazzy/lib/ros_gz_sim/create -name pinky_01 -topic /pinky_01/robot_description -x 1.612 -y -0.717 -z 0.1 -Y 0.000 --ros-args -r __ns:=/pinky_01 --params-file /tmp/launch_params_6cm4rb5d'].
[ERROR] [create-7]: process has died [pid 218605, exit code 255, cmd '/opt/ros/jazzy/lib/ros_gz_sim/create -name omx_01 -topic robot_description -x 1.158 -y -2.253 -z 0.0 -Y 0.000 -allow_renaming true --ros-args -r __ns:=/omx_01 --params-file /tmp/launch_params_nra_xm2e'].
[ERROR] [spawner-10]: process[spawner-10] failed to terminate '5' seconds after receiving 'SIGINT', escalating to 'SIGTERM'
[ERROR] [spawner-9]: process[spawner-9] failed to terminate '5' seconds after receiving 'SIGINT', escalating to 'SIGTERM'
[ERROR] [spawner-8]: process[spawner-8] failed to terminate '5' seconds after receiving 'SIGINT', escalating to 'SIGTERM'
[INFO] [spawner-10]: sending signal 'SIGTERM' to process[spawner-10]
[INFO] [spawner-9]: sending signal 'SIGTERM' to process[spawner-9]
[ERROR] [joint_state_publisher-4]: process[joint_state_publisher-4] failed to terminate '5' seconds after receiving 'SIGINT', escalating to 'SIGTERM'
[ERROR] [gazebo-2]: process[gazebo-2] failed to terminate '5' seconds after receiving 'SIGINT', escalating to 'SIGTERM'
[INFO] [spawner-8]: sending signal 'SIGTERM' to process[spawner-8]
[INFO] [joint_state_publisher-4]: sending signal 'SIGTERM' to process[joint_state_publisher-4]
[INFO] [gazebo-2]: sending signal 'SIGTERM' to process[gazebo-2]
[ERROR] [spawner-10]: process has died [pid 218608, exit code -15, cmd '/opt/ros/jazzy/lib/controller_manager/spawner gripper_controller --ros-args -r __ns:=/omx_01'].
[ERROR] [gazebo-2]: process has died [pid 218598, exit code -15, cmd 'ruby /opt/ros/jazzy/opt/gz_tools_vendor/bin/gz sim -g -v2 --force-version 8'].
[ERROR] [spawner-8]: process has died [pid 218606, exit code -15, cmd '/opt/ros/jazzy/lib/controller_manager/spawner joint_state_broadcaster --ros-args -r __ns:=/omx_01'].
[ERROR] [spawner-9]: process has died [pid 218607, exit code -15, cmd '/opt/ros/jazzy/lib/controller_manager/spawner arm_controller --ros-args -r __ns:=/omx_01'].
[joint_state_publisher-4] Traceback (most recent call last):
[joint_state_publisher-4]   File "/opt/ros/jazzy/lib/joint_state_publisher/joint_state_publisher", line 33, in <module>
[joint_state_publisher-4]     sys.exit(load_entry_point('joint-state-publisher==2.4.1', 'console_scripts', 'joint_state_publisher')())
[joint_state_publisher-4]              ^^^^^^^^^^^^^^^^^^^^^^^^^^^^^^^^^^^^^^^^^^^^^^^^^^^^^^^^^^^^^^^^^^^^^^^^^^^^^^^^^^^^^^^^^^^^^^
[joint_state_publisher-4]   File "/opt/ros/jazzy/lib/python3.12/site-packages/joint_state_publisher/joint_state_publisher.py", line 568, in main
[joint_state_publisher-4]     rclpy.spin(jsp)
[joint_state_publisher-4]   File "/opt/ros/jazzy/lib/python3.12/site-packages/rclpy/__init__.py", line 247, in spin
[joint_state_publisher-4]     executor.spin_once()
[joint_state_publisher-4]   File "/opt/ros/jazzy/lib/python3.12/site-packages/rclpy/executors.py", line 926, in spin_once
[joint_state_publisher-4]     self._spin_once_impl(timeout_sec)
[joint_state_publisher-4]   File "/opt/ros/jazzy/lib/python3.12/site-packages/rclpy/executors.py", line 907, in _spin_once_impl
[joint_state_publisher-4]     handler, entity, node = self.wait_for_ready_callbacks(
[joint_state_publisher-4]                             ^^^^^^^^^^^^^^^^^^^^^^^^^^^^^^
[joint_state_publisher-4]   File "/opt/ros/jazzy/lib/python3.12/site-packages/rclpy/executors.py", line 877, in wait_for_ready_callbacks
[joint_state_publisher-4]     return next(self._cb_iter)
[joint_state_publisher-4]            ^^^^^^^^^^^^^^^^^^^
[joint_state_publisher-4]   File "/opt/ros/jazzy/lib/python3.12/site-packages/rclpy/executors.py", line 785, in _wait_for_ready_callbacks
[joint_state_publisher-4]     raise ExternalShutdownException()
[joint_state_publisher-4] rclpy.executors.ExternalShutdownException
[ERROR] [joint_state_publisher-4]: process has died [pid 218601, exit code 1, cmd '/opt/ros/jazzy/lib/joint_state_publisher/joint_state_publisher --ros-args -r __node:=joint_state_publisher -r __ns:=/pinky_01 --params-file /tmp/launch_params_a2y9uo9e --params-file /tmp/launch_params_r8xbsaj9 --params-file /tmp/launch_params_odwh6r_u'].
