[INFO] [1785986581.327585169] [building_map_server]: loading map path: /home/gyi/robosapiens/rmf_maps/robosapiens/robosapiens.building.yaml
[INFO] [1785986581.344964918] [building_map_server]: opening: /home/gyi/robosapiens/rmf_maps/robosapiens/robosapiens.png
[INFO] [1785986581.345412471] [building_map_server]: read 183562 byte image
[INFO] [1785986581.346263964] [building_map_server]: unable to generate GeoJSON for this map.
[INFO] [1785986581.357759859] [building_map_server]: publishing map...
[INFO] [1785986581.358783015] [building_map_server]: ready to serve map: "robosapiens"  Ctrl+C to exit...
building name: robosapiens
coordinate system: reference_image
parsing level L1
calculating levels relative to L1
level L1 scale: 0.0011612068846910558
graph 0 has 24 vertices
generating GeoJSON...
cannot generate GeoJSON: map does not declare a CRS
Traceback (most recent call last):
  File "/opt/ros/jazzy/lib/rmf_building_map_tools/building_map_server", line 33, in <module>
    sys.exit(load_entry_point('rmf-building-map-tools==1.9.2', 'console_scripts', 'building_map_server')())
             ^^^^^^^^^^^^^^^^^^^^^^^^^^^^^^^^^^^^^^^^^^^^^^^^^^^^^^^^^^^^^^^^^^^^^^^^^^^^^^^^^^^^^^^^^^^^^
  File "/opt/ros/jazzy/lib/python3.12/site-packages/building_map_server/building_map_server.py", line 341, in main
    rclpy.spin(n)
  File "/opt/ros/jazzy/lib/python3.12/site-packages/rclpy/__init__.py", line 247, in spin
    executor.spin_once()
  File "/opt/ros/jazzy/lib/python3.12/site-packages/rclpy/executors.py", line 926, in spin_once
    self._spin_once_impl(timeout_sec)
  File "/opt/ros/jazzy/lib/python3.12/site-packages/rclpy/executors.py", line 907, in _spin_once_impl
    handler, entity, node = self.wait_for_ready_callbacks(
                            ^^^^^^^^^^^^^^^^^^^^^^^^^^^^^^
  File "/opt/ros/jazzy/lib/python3.12/site-packages/rclpy/executors.py", line 877, in wait_for_ready_callbacks
    return next(self._cb_iter)
           ^^^^^^^^^^^^^^^^^^^
  File "/opt/ros/jazzy/lib/python3.12/site-packages/rclpy/executors.py", line 785, in _wait_for_ready_callbacks
    raise ExternalShutdownException()
rclpy.executors.ExternalShutdownException
[ros2run]: Process exited with failure 1
