[gazebo-1] [1;33mWarning [Utils.cc:132][0m [/sdf/world[@name="sim_world"]/gui/window:/home/gyi/robosapiens/rmf_maps/project1/project1.world:L34]: XML Element[window], child of element[gui], not defined in SDF. Copying[window] as children of [gui].
[gazebo-1] [1;33mWarning [Utils.cc:132][0m [/sdf/model[@name="pinky"]/link[@name="base_footprint"]/sensor[@name="pinky_02/camera"]/gz_frame_id:<urdf-string>:L0]: XML Element[gz_frame_id], child of element[sensor], not defined in SDF. Copying[gz_frame_id] as children of [sensor].
[gazebo-1] [1;33mWarning [Utils.cc:132][0m [/sdf/model[@name="pinky"]/link[@name="base_footprint"]/sensor[@name="pinky_02/imu"]/gz_frame_id:<urdf-string>:L0]: XML Element[gz_frame_id], child of element[sensor], not defined in SDF. Copying[gz_frame_id] as children of [sensor].
[gazebo-1] [1;33mWarning [Utils.cc:132][0m [/sdf/model[@name="pinky"]/link[@name="base_footprint"]/sensor[@name="pinky_02/gpu_lidar"]/gz_frame_id:<urdf-string>:L0]: XML Element[gz_frame_id], child of element[sensor], not defined in SDF. Copying[gz_frame_id] as children of [sensor].
[gazebo-2] [1;33m[GUI] [Wrn] [Application.cc:908] [0m[1;33m[QT] file::/toggle_floors/toggle_floors.qml:40: ReferenceError: qfloors is not defined[0m[1;33m[0m
[gazebo-1] [WARN] [1786605389.469263509] [omx_01.gz_ros_control]: Waiting RM to load and initialize hardware...
[gazebo-1] [WARN] [1786605390.466121809] [omx_01.controller_manager]: Waiting for data on 'robot_description' topic to finish initialization
[gazebo-1] [WARN] [1786605390.913649691] [omx_01.gz_ros_control]: IMU sensor 'pinky_02/imu' not found in hardware_info, skipping.
[gazebo-1] [WARN] [1786605390.913805820] [omx_01.controller_manager.hardware_component.system.OpenManipulatorXSystem]: Executor is not available during hardware component initialization for 'OpenManipulatorXSystem'. Skipping node creation!
[gazebo-1] [WARN] [1786605390.914202513] [omx_01.controller_manager]: Component 'OpenManipulatorXSystem' does not have read or write statistics initialized, skipping registration.
[gazebo-1] [WARN] [1786605391.541866206] [omx_03.gz_ros_control]: Waiting RM to load and initialize hardware...
[gazebo-1] [WARN] [1786605391.555573221] [omx_03.gz_ros_control]: IMU sensor 'pinky_02/imu' not found in hardware_info, skipping.
[gazebo-1] [WARN] [1786605391.555611398] [omx_03.controller_manager.hardware_component.system.OpenManipulatorXSystem]: Executor is not available during hardware component initialization for 'OpenManipulatorXSystem'. Skipping node creation!
[gazebo-1] [WARN] [1786605391.555763133] [omx_03.controller_manager]: Component 'OpenManipulatorXSystem' does not have read or write statistics initialized, skipping registration.
[gazebo-1] [WARN] [1786605393.615952424] [omx_02.gz_ros_control]: Waiting RM to load and initialize hardware...
[gazebo-1] [WARN] [1786605393.628319991] [omx_02.gz_ros_control]: IMU sensor 'pinky_02/imu' not found in hardware_info, skipping.
[gazebo-1] [WARN] [1786605393.628382887] [omx_02.controller_manager.hardware_component.system.OpenManipulatorXSystem]: Executor is not available during hardware component initialization for 'OpenManipulatorXSystem'. Skipping node creation!
[gazebo-1] [WARN] [1786605393.628591754] [omx_02.controller_manager]: Component 'OpenManipulatorXSystem' does not have read or write statistics initialized, skipping registration.
[gazebo-1] [WARN] [1786605393.657166598] [omx_02.gripper_controller]: [Deprecated]: the `position_controllers/GripperActionController` and `effort_controllers::GripperActionController` controllers are replaced by 'parallel_gripper_controllers/GripperActionController' controller
[gazebo-1] [1;33mWarning [Utils.cc:132][0m [/sdf/model[@name="pinky"]/link[@name="base_footprint"]/sensor[@name="pinky_01/camera"]/gz_frame_id:<urdf-string>:L0]: XML Element[gz_frame_id], child of element[sensor], not defined in SDF. Copying[gz_frame_id] as children of [sensor].
[gazebo-1] [1;33mWarning [Utils.cc:132][0m [/sdf/model[@name="pinky"]/link[@name="base_footprint"]/sensor[@name="pinky_01/imu"]/gz_frame_id:<urdf-string>:L0]: XML Element[gz_frame_id], child of element[sensor], not defined in SDF. Copying[gz_frame_id] as children of [sensor].
[gazebo-1] [1;33mWarning [Utils.cc:132][0m [/sdf/model[@name="pinky"]/link[@name="base_footprint"]/sensor[@name="pinky_01/gpu_lidar"]/gz_frame_id:<urdf-string>:L0]: XML Element[gz_frame_id], child of element[sensor], not defined in SDF. Copying[gz_frame_id] as children of [sensor].
[gazebo-2] [1;33mWarning [Utils.cc:132][0m [/sdf/model[@name="pinky"]/link[@name="base_footprint"]/sensor[@name="pinky_02/camera"]/gz_frame_id:<data-string>:L122]: XML Element[gz_frame_id], child of element[sensor], not defined in SDF. Copying[gz_frame_id] as children of [sensor].
[gazebo-2] [1;33mWarning [Utils.cc:132][0m [/sdf/model[@name="pinky"]/link[@name="base_footprint"]/sensor[@name="pinky_02/imu"]/gz_frame_id:<data-string>:L131]: XML Element[gz_frame_id], child of element[sensor], not defined in SDF. Copying[gz_frame_id] as children of [sensor].
[gazebo-2] [1;33mWarning [Utils.cc:132][0m [/sdf/model[@name="pinky"]/link[@name="base_footprint"]/sensor[@name="pinky_02/gpu_lidar"]/gz_frame_id:<data-string>:L165]: XML Element[gz_frame_id], child of element[sensor], not defined in SDF. Copying[gz_frame_id] as children of [sensor].
[gazebo-2] [1;33mWarning [Utils.cc:132][0m [/sdf/model[@name="pinky"]/link[@name="base_footprint"]/sensor[@name="pinky_01/camera"]/gz_frame_id:<data-string>:L122]: XML Element[gz_frame_id], child of element[sensor], not defined in SDF. Copying[gz_frame_id] as children of [sensor].
[gazebo-2] [1;33mWarning [Utils.cc:132][0m [/sdf/model[@name="pinky"]/link[@name="base_footprint"]/sensor[@name="pinky_01/imu"]/gz_frame_id:<data-string>:L131]: XML Element[gz_frame_id], child of element[sensor], not defined in SDF. Copying[gz_frame_id] as children of [sensor].
[gazebo-2] [1;33mWarning [Utils.cc:132][0m [/sdf/model[@name="pinky"]/link[@name="base_footprint"]/sensor[@name="pinky_01/gpu_lidar"]/gz_frame_id:<data-string>:L165]: XML Element[gz_frame_id], child of element[sensor], not defined in SDF. Copying[gz_frame_id] as children of [sensor].
[gazebo-1] [WARN] [1786605400.606687971] [omx_03.gripper_controller]: [Deprecated]: the `position_controllers/GripperActionController` and `effort_controllers::GripperActionController` controllers are replaced by 'parallel_gripper_controllers/GripperActionController' controller
[spawner-11] [WARN] [1786605407.478971777] [ros2_control_controller_spawner_joint_state_broadcaster]: Failed to acquire lock in 20 seconds. Attempt 1 of 5 failed. Retrying in 3 seconds...
[spawner-12] [WARN] [1786605407.522497650] [ros2_control_controller_spawner_arm_controller]: Failed to acquire lock in 20 seconds. Attempt 1 of 5 failed. Retrying in 3 seconds...
[gazebo-1] [WARN] [1786605409.912912143] [omx_01.gripper_controller]: [Deprecated]: the `position_controllers/GripperActionController` and `effort_controllers::GripperActionController` controllers are replaced by 'parallel_gripper_controllers/GripperActionController' controller
[python3-21] [WARN] [1786605413.089795117] [project1_pinky_fleet_adapter]: [FleetUpdateHandle::set_retreat_to_charger_interval] This parameter is no longer being used.
[planner_server-6] [INFO] [1786605415.086141355] [pinky_01.global_costmap.global_costmap]: Timed out waiting for transform from pinky_01/base_footprint to map to become available, tf error: Invalid frame ID "map" passed to canTransform argument target_frame - frame does not exist
[planner_server-15] [INFO] [1786605415.299565464] [pinky_02.global_costmap.global_costmap]: Timed out waiting for transform from pinky_02/base_footprint to map to become available, tf error: Invalid frame ID "map" passed to canTransform argument target_frame - frame does not exist
[planner_server-6] [INFO] [1786605415.586205395] [pinky_01.global_costmap.global_costmap]: Timed out waiting for transform from pinky_01/base_footprint to map to become available, tf error: Invalid frame ID "map" passed to canTransform argument target_frame - frame does not exist
[planner_server-15] [INFO] [1786605415.799661030] [pinky_02.global_costmap.global_costmap]: Timed out waiting for transform from pinky_02/base_footprint to map to become available, tf error: Lookup would require extrapolation at time 1.310000, but only time 2.300000 is in the buffer, when looking up transform from frame [pinky_02/base_footprint] to frame [map]
[planner_server-6] [INFO] [1786605416.086288002] [pinky_01.global_costmap.global_costmap]: Timed out waiting for transform from pinky_01/base_footprint to map to become available, tf error: Lookup would require extrapolation at time 1.320000, but only time 2.300000 is in the buffer, when looking up transform from frame [pinky_01/base_footprint] to frame [map]
[planner_server-15] [INFO] [1786605416.299639225] [pinky_02.global_costmap.global_costmap]: Timed out waiting for transform from pinky_02/base_footprint to map to become available, tf error: Lookup would require extrapolation at time 1.350000, but only time 2.300000 is in the buffer, when looking up transform from frame [pinky_02/base_footprint] to frame [map]
[planner_server-6] [INFO] [1786605416.586210235] [pinky_01.global_costmap.global_costmap]: Timed out waiting for transform from pinky_01/base_footprint to map to become available, tf error: Lookup would require extrapolation at time 1.360000, but only time 2.300000 is in the buffer, when looking up transform from frame [pinky_01/base_footprint] to frame [map]
[planner_server-15] [INFO] [1786605416.799663866] [pinky_02.global_costmap.global_costmap]: Timed out waiting for transform from pinky_02/base_footprint to map to become available, tf error: Lookup would require extrapolation at time 1.390000, but only time 2.300000 is in the buffer, when looking up transform from frame [pinky_02/base_footprint] to frame [map]
[planner_server-6] [INFO] [1786605417.086220178] [pinky_01.global_costmap.global_costmap]: Timed out waiting for transform from pinky_01/base_footprint to map to become available, tf error: Lookup would require extrapolation into the past.  Requested time 1.400000 but the earliest data is at time 2.300000, when looking up transform from frame [pinky_01/base_footprint] to frame [map]
[planner_server-15] [INFO] [1786605417.299672833] [pinky_02.global_costmap.global_costmap]: Timed out waiting for transform from pinky_02/base_footprint to map to become available, tf error: Lookup would require extrapolation into the past.  Requested time 1.430000 but the earliest data is at time 2.300000, when looking up transform from frame [pinky_02/base_footprint] to frame [map]
[planner_server-6] [INFO] [1786605417.586207327] [pinky_01.global_costmap.global_costmap]: Timed out waiting for transform from pinky_01/base_footprint to map to become available, tf error: Lookup would require extrapolation into the past.  Requested time 1.440000 but the earliest data is at time 2.300000, when looking up transform from frame [pinky_01/base_footprint] to frame [map]
[planner_server-15] [INFO] [1786605417.799639027] [pinky_02.global_costmap.global_costmap]: Timed out waiting for transform from pinky_02/base_footprint to map to become available, tf error: Lookup would require extrapolation into the past.  Requested time 1.470000 but the earliest data is at time 2.300000, when looking up transform from frame [pinky_02/base_footprint] to frame [map]
[planner_server-6] [INFO] [1786605418.086214567] [pinky_01.global_costmap.global_costmap]: Timed out waiting for transform from pinky_01/base_footprint to map to become available, tf error: Lookup would require extrapolation into the past.  Requested time 1.480000 but the earliest data is at time 2.300000, when looking up transform from frame [pinky_01/base_footprint] to frame [map]
[planner_server-15] [INFO] [1786605418.299645189] [pinky_02.global_costmap.global_costmap]: Timed out waiting for transform from pinky_02/base_footprint to map to become available, tf error: Lookup would require extrapolation into the past.  Requested time 1.510000 but the earliest data is at time 2.300000, when looking up transform from frame [pinky_02/base_footprint] to frame [map]
[planner_server-6] [INFO] [1786605418.586217460] [pinky_01.global_costmap.global_costmap]: Timed out waiting for transform from pinky_01/base_footprint to map to become available, tf error: Lookup would require extrapolation into the past.  Requested time 1.520000 but the earliest data is at time 2.300000, when looking up transform from frame [pinky_01/base_footprint] to frame [map]
[planner_server-15] [INFO] [1786605418.799638379] [pinky_02.global_costmap.global_costmap]: Timed out waiting for transform from pinky_02/base_footprint to map to become available, tf error: Lookup would require extrapolation into the past.  Requested time 1.550000 but the earliest data is at time 2.300000, when looking up transform from frame [pinky_02/base_footprint] to frame [map]
[planner_server-6] [INFO] [1786605419.086205652] [pinky_01.global_costmap.global_costmap]: Timed out waiting for transform from pinky_01/base_footprint to map to become available, tf error: Lookup would require extrapolation into the past.  Requested time 1.560000 but the earliest data is at time 2.300000, when looking up transform from frame [pinky_01/base_footprint] to frame [map]
[planner_server-15] [INFO] [1786605419.299643228] [pinky_02.global_costmap.global_costmap]: Timed out waiting for transform from pinky_02/base_footprint to map to become available, tf error: Lookup would require extrapolation into the past.  Requested time 1.570000 but the earliest data is at time 2.300000, when looking up transform from frame [pinky_02/base_footprint] to frame [map]
[planner_server-6] [INFO] [1786605419.586210279] [pinky_01.global_costmap.global_costmap]: Timed out waiting for transform from pinky_01/base_footprint to map to become available, tf error: Lookup would require extrapolation into the past.  Requested time 1.600000 but the earliest data is at time 2.300000, when looking up transform from frame [pinky_01/base_footprint] to frame [map]
[planner_server-15] [INFO] [1786605419.799647362] [pinky_02.global_costmap.global_costmap]: Timed out waiting for transform from pinky_02/base_footprint to map to become available, tf error: Lookup would require extrapolation into the past.  Requested time 1.610000 but the earliest data is at time 2.300000, when looking up transform from frame [pinky_02/base_footprint] to frame [map]
[planner_server-6] [INFO] [1786605420.086206431] [pinky_01.global_costmap.global_costmap]: Timed out waiting for transform from pinky_01/base_footprint to map to become available, tf error: Lookup would require extrapolation into the past.  Requested time 1.640000 but the earliest data is at time 2.300000, when looking up transform from frame [pinky_01/base_footprint] to frame [map]
[planner_server-15] [INFO] [1786605420.299660416] [pinky_02.global_costmap.global_costmap]: Timed out waiting for transform from pinky_02/base_footprint to map to become available, tf error: Lookup would require extrapolation into the past.  Requested time 1.650000 but the earliest data is at time 2.300000, when looking up transform from frame [pinky_02/base_footprint] to frame [map]
[planner_server-6] [INFO] [1786605420.586204621] [pinky_01.global_costmap.global_costmap]: Timed out waiting for transform from pinky_01/base_footprint to map to become available, tf error: Lookup would require extrapolation into the past.  Requested time 1.680000 but the earliest data is at time 2.300000, when looking up transform from frame [pinky_01/base_footprint] to frame [map]
[planner_server-15] [INFO] [1786605420.803825811] [pinky_02.global_costmap.global_costmap]: Timed out waiting for transform from pinky_02/base_footprint to map to become available, tf error: Lookup would require extrapolation into the past.  Requested time 1.690000 but the earliest data is at time 2.300000, when looking up transform from frame [pinky_02/base_footprint] to frame [map]
[planner_server-6] [INFO] [1786605421.086452172] [pinky_01.global_costmap.global_costmap]: Timed out waiting for transform from pinky_01/base_footprint to map to become available, tf error: Lookup would require extrapolation into the past.  Requested time 1.700000 but the earliest data is at time 2.300000, when looking up transform from frame [pinky_01/base_footprint] to frame [map]
[planner_server-15] [INFO] [1786605421.299641389] [pinky_02.global_costmap.global_costmap]: Timed out waiting for transform from pinky_02/base_footprint to map to become available, tf error: Lookup would require extrapolation into the past.  Requested time 1.710000 but the earliest data is at time 2.300000, when looking up transform from frame [pinky_02/base_footprint] to frame [map]
[planner_server-6] [INFO] [1786605421.586221551] [pinky_01.global_costmap.global_costmap]: Timed out waiting for transform from pinky_01/base_footprint to map to become available, tf error: Lookup would require extrapolation into the past.  Requested time 1.740000 but the earliest data is at time 2.300000, when looking up transform from frame [pinky_01/base_footprint] to frame [map]
[planner_server-15] [INFO] [1786605421.802382229] [pinky_02.global_costmap.global_costmap]: Timed out waiting for transform from pinky_02/base_footprint to map to become available, tf error: Lookup would require extrapolation into the past.  Requested time 1.750000 but the earliest data is at time 2.300000, when looking up transform from frame [pinky_02/base_footprint] to frame [map]
[planner_server-6] [INFO] [1786605422.086213300] [pinky_01.global_costmap.global_costmap]: Timed out waiting for transform from pinky_01/base_footprint to map to become available, tf error: Lookup would require extrapolation into the past.  Requested time 1.760000 but the earliest data is at time 2.300000, when looking up transform from frame [pinky_01/base_footprint] to frame [map]
[planner_server-15] [INFO] [1786605422.299593692] [pinky_02.global_costmap.global_costmap]: Timed out waiting for transform from pinky_02/base_footprint to map to become available, tf error: Lookup would require extrapolation into the past.  Requested time 1.770000 but the earliest data is at time 2.300000, when looking up transform from frame [pinky_02/base_footprint] to frame [map]
[planner_server-6] [INFO] [1786605422.586208890] [pinky_01.global_costmap.global_costmap]: Timed out waiting for transform from pinky_01/base_footprint to map to become available, tf error: Lookup would require extrapolation into the past.  Requested time 1.800000 but the earliest data is at time 2.300000, when looking up transform from frame [pinky_01/base_footprint] to frame [map]
[planner_server-15] [INFO] [1786605422.799649995] [pinky_02.global_costmap.global_costmap]: Timed out waiting for transform from pinky_02/base_footprint to map to become available, tf error: Lookup would require extrapolation into the past.  Requested time 1.810000 but the earliest data is at time 2.300000, when looking up transform from frame [pinky_02/base_footprint] to frame [map]
[planner_server-6] [INFO] [1786605423.086207124] [pinky_01.global_costmap.global_costmap]: Timed out waiting for transform from pinky_01/base_footprint to map to become available, tf error: Lookup would require extrapolation into the past.  Requested time 1.840000 but the earliest data is at time 2.300000, when looking up transform from frame [pinky_01/base_footprint] to frame [map]
[planner_server-15] [INFO] [1786605423.299676262] [pinky_02.global_costmap.global_costmap]: Timed out waiting for transform from pinky_02/base_footprint to map to become available, tf error: Lookup would require extrapolation into the past.  Requested time 1.850000 but the earliest data is at time 2.300000, when looking up transform from frame [pinky_02/base_footprint] to frame [map]
[planner_server-6] [INFO] [1786605423.586226218] [pinky_01.global_costmap.global_costmap]: Timed out waiting for transform from pinky_01/base_footprint to map to become available, tf error: Lookup would require extrapolation into the past.  Requested time 1.860000 but the earliest data is at time 2.300000, when looking up transform from frame [pinky_01/base_footprint] to frame [map]
[planner_server-15] [INFO] [1786605423.799632573] [pinky_02.global_costmap.global_costmap]: Timed out waiting for transform from pinky_02/base_footprint to map to become available, tf error: Lookup would require extrapolation into the past.  Requested time 1.890000 but the earliest data is at time 2.300000, when looking up transform from frame [pinky_02/base_footprint] to frame [map]
[planner_server-6] [INFO] [1786605424.086216009] [pinky_01.global_costmap.global_costmap]: Timed out waiting for transform from pinky_01/base_footprint to map to become available, tf error: Lookup would require extrapolation into the past.  Requested time 1.900000 but the earliest data is at time 2.300000, when looking up transform from frame [pinky_01/base_footprint] to frame [map]
[planner_server-15] [INFO] [1786605424.299640245] [pinky_02.global_costmap.global_costmap]: Timed out waiting for transform from pinky_02/base_footprint to map to become available, tf error: Lookup would require extrapolation into the past.  Requested time 1.910000 but the earliest data is at time 2.300000, when looking up transform from frame [pinky_02/base_footprint] to frame [map]
[planner_server-6] [INFO] [1786605424.586209648] [pinky_01.global_costmap.global_costmap]: Timed out waiting for transform from pinky_01/base_footprint to map to become available, tf error: Lookup would require extrapolation into the past.  Requested time 1.920000 but the earliest data is at time 2.300000, when looking up transform from frame [pinky_01/base_footprint] to frame [map]
[planner_server-15] [INFO] [1786605424.799652244] [pinky_02.global_costmap.global_costmap]: Timed out waiting for transform from pinky_02/base_footprint to map to become available, tf error: Lookup would require extrapolation into the past.  Requested time 1.930000 but the earliest data is at time 2.300000, when looking up transform from frame [pinky_02/base_footprint] to frame [map]
[planner_server-6] [INFO] [1786605425.086213705] [pinky_01.global_costmap.global_costmap]: Timed out waiting for transform from pinky_01/base_footprint to map to become available, tf error: Lookup would require extrapolation into the past.  Requested time 1.960000 but the earliest data is at time 2.300000, when looking up transform from frame [pinky_01/base_footprint] to frame [map]
[planner_server-15] [INFO] [1786605425.299637758] [pinky_02.global_costmap.global_costmap]: Timed out waiting for transform from pinky_02/base_footprint to map to become available, tf error: Lookup would require extrapolation into the past.  Requested time 1.970000 but the earliest data is at time 2.300000, when looking up transform from frame [pinky_02/base_footprint] to frame [map]
[planner_server-6] [INFO] [1786605425.586319112] [pinky_01.global_costmap.global_costmap]: Timed out waiting for transform from pinky_01/base_footprint to map to become available, tf error: Lookup would require extrapolation into the past.  Requested time 2.000000 but the earliest data is at time 2.300000, when looking up transform from frame [pinky_01/base_footprint] to frame [map]
[planner_server-15] [INFO] [1786605425.799647300] [pinky_02.global_costmap.global_costmap]: Timed out waiting for transform from pinky_02/base_footprint to map to become available, tf error: Lookup would require extrapolation into the past.  Requested time 2.010000 but the earliest data is at time 2.300000, when looking up transform from frame [pinky_02/base_footprint] to frame [map]
[planner_server-6] [INFO] [1786605426.086205729] [pinky_01.global_costmap.global_costmap]: Timed out waiting for transform from pinky_01/base_footprint to map to become available, tf error: Lookup would require extrapolation into the past.  Requested time 2.020000 but the earliest data is at time 2.300000, when looking up transform from frame [pinky_01/base_footprint] to frame [map]
[planner_server-15] [INFO] [1786605426.299707503] [pinky_02.global_costmap.global_costmap]: Timed out waiting for transform from pinky_02/base_footprint to map to become available, tf error: Lookup would require extrapolation into the past.  Requested time 2.050000 but the earliest data is at time 2.300000, when looking up transform from frame [pinky_02/base_footprint] to frame [map]
[planner_server-6] [INFO] [1786605426.586207812] [pinky_01.global_costmap.global_costmap]: Timed out waiting for transform from pinky_01/base_footprint to map to become available, tf error: Lookup would require extrapolation into the past.  Requested time 2.060000 but the earliest data is at time 2.300000, when looking up transform from frame [pinky_01/base_footprint] to frame [map]
[planner_server-15] [INFO] [1786605426.799681850] [pinky_02.global_costmap.global_costmap]: Timed out waiting for transform from pinky_02/base_footprint to map to become available, tf error: Lookup would require extrapolation into the past.  Requested time 2.070000 but the earliest data is at time 2.300000, when looking up transform from frame [pinky_02/base_footprint] to frame [map]
[planner_server-6] [INFO] [1786605427.086212274] [pinky_01.global_costmap.global_costmap]: Timed out waiting for transform from pinky_01/base_footprint to map to become available, tf error: Lookup would require extrapolation into the past.  Requested time 2.100000 but the earliest data is at time 2.300000, when looking up transform from frame [pinky_01/base_footprint] to frame [map]
[planner_server-15] [INFO] [1786605427.299648647] [pinky_02.global_costmap.global_costmap]: Timed out waiting for transform from pinky_02/base_footprint to map to become available, tf error: Lookup would require extrapolation into the past.  Requested time 2.110000 but the earliest data is at time 2.300000, when looking up transform from frame [pinky_02/base_footprint] to frame [map]
[planner_server-6] [INFO] [1786605427.586210150] [pinky_01.global_costmap.global_costmap]: Timed out waiting for transform from pinky_01/base_footprint to map to become available, tf error: Lookup would require extrapolation into the past.  Requested time 2.140000 but the earliest data is at time 2.300000, when looking up transform from frame [pinky_01/base_footprint] to frame [map]
[planner_server-15] [INFO] [1786605427.799636284] [pinky_02.global_costmap.global_costmap]: Timed out waiting for transform from pinky_02/base_footprint to map to become available, tf error: Lookup would require extrapolation into the past.  Requested time 2.150000 but the earliest data is at time 2.300000, when looking up transform from frame [pinky_02/base_footprint] to frame [map]
[planner_server-6] [INFO] [1786605428.086209686] [pinky_01.global_costmap.global_costmap]: Timed out waiting for transform from pinky_01/base_footprint to map to become available, tf error: Lookup would require extrapolation into the past.  Requested time 2.180000 but the earliest data is at time 2.300000, when looking up transform from frame [pinky_01/base_footprint] to frame [map]
[planner_server-15] [INFO] [1786605428.299633667] [pinky_02.global_costmap.global_costmap]: Timed out waiting for transform from pinky_02/base_footprint to map to become available, tf error: Lookup would require extrapolation into the past.  Requested time 2.190000 but the earliest data is at time 2.300000, when looking up transform from frame [pinky_02/base_footprint] to frame [map]
[planner_server-6] [INFO] [1786605428.586250215] [pinky_01.global_costmap.global_costmap]: Timed out waiting for transform from pinky_01/base_footprint to map to become available, tf error: Lookup would require extrapolation into the past.  Requested time 2.200000 but the earliest data is at time 2.300000, when looking up transform from frame [pinky_01/base_footprint] to frame [map]
[planner_server-15] [INFO] [1786605428.799643341] [pinky_02.global_costmap.global_costmap]: Timed out waiting for transform from pinky_02/base_footprint to map to become available, tf error: Lookup would require extrapolation into the past.  Requested time 2.230000 but the earliest data is at time 2.300000, when looking up transform from frame [pinky_02/base_footprint] to frame [map]
[planner_server-6] [INFO] [1786605429.086206736] [pinky_01.global_costmap.global_costmap]: Timed out waiting for transform from pinky_01/base_footprint to map to become available, tf error: Lookup would require extrapolation into the past.  Requested time 2.240000 but the earliest data is at time 2.300000, when looking up transform from frame [pinky_01/base_footprint] to frame [map]
[planner_server-15] [INFO] [1786605429.299651975] [pinky_02.global_costmap.global_costmap]: Timed out waiting for transform from pinky_02/base_footprint to map to become available, tf error: Lookup would require extrapolation into the past.  Requested time 2.270000 but the earliest data is at time 2.300000, when looking up transform from frame [pinky_02/base_footprint] to frame [map]
[planner_server-6] [INFO] [1786605429.586199711] [pinky_01.global_costmap.global_costmap]: Timed out waiting for transform from pinky_01/base_footprint to map to become available, tf error: Lookup would require extrapolation into the past.  Requested time 2.280000 but the earliest data is at time 2.300000, when looking up transform from frame [pinky_01/base_footprint] to frame [map]
[planner_server-15] [INFO] [1786605429.799645261] [pinky_02.global_costmap.global_costmap]: Timed out waiting for transform from pinky_02/base_footprint to map to become available, tf error: Lookup would require extrapolation into the past.  Requested time 2.290000 but the earliest data is at time 2.300000, when looking up transform from frame [pinky_02/base_footprint] to frame [map]
[python3-21] [WARN] [1786605431.160912177] [project1_pinky_fleet_adapter]: No parking spots available, using charging waypoint [5] for robot [project1_pinky/pinky_02]
[python3-21] [WARN] [1786605431.169461252] [project1_pinky_fleet_adapter]: No parking spots available, using charging waypoint [4] for robot [project1_pinky/pinky_01]
[controller_server-13] [WARN] [1786605485.894443833] [pinky_02.controller_server]: No goal checker was specified in parameter 'current_goal_checker'. Server will use only plugin loaded general_goal_checker . This warning will appear once.
[controller_server-13] [WARN] [1786605485.894506840] [pinky_02.controller_server]: No progress checker was specified in parameter 'current_progress_checker'. Server will use only plugin loaded progress_checker . This warning will appear once.
[controller_server-13] [WARN] [1786605560.604290845] [pinky_02.controller_server]: Control loop missed its desired rate of 20.0000 Hz. Current loop rate is inf Hz.
[controller_server-13] [WARN] [1786605640.287535436] [pinky_02.controller_server]: Control loop missed its desired rate of 20.0000 Hz. Current loop rate is inf Hz.
[controller_server-13] [WARN] [1786605693.686767800] [pinky_02.controller_server]: Control loop missed its desired rate of 20.0000 Hz. Current loop rate is 50.0000 Hz.
[controller_server-13] [WARN] [1786605771.517684979] [pinky_02.controller_server]: Control loop missed its desired rate of 20.0000 Hz. Current loop rate is 50.0000 Hz.
[controller_server-13] [WARN] [1786605792.785826554] [pinky_02.controller_server]: Control loop missed its desired rate of 20.0000 Hz. Current loop rate is inf Hz.
[controller_server-13] [WARN] [1786605891.453337210] [pinky_02.controller_server]: Control loop missed its desired rate of 20.0000 Hz. Current loop rate is inf Hz.
[bt_navigator-17] [WARN] [1786605891.470856831] [pinky_02.bt_navigator_navigate_to_pose_rclcpp_node]: Timed out while waiting for action server to acknowledge goal request for compute_path_to_pose
[bt_navigator-17] [ERROR] [1786605891.495953359] [pinky_02.bt_navigator_navigate_to_pose_rclcpp_node]: Failed to get result for follow_path in node halt!
[bt_navigator-17] [WARN] [1786605891.496163339] [pinky_02.bt_navigator]: [navigate_to_pose] [ActionServer] Aborting handle.
[bt_navigator-17] [ERROR] [1786605891.497415901] [pinky_02.bt_navigator]: Goal failed
[python3-21] [ERROR] [1786605891.498237296] [project1_pinky_nav2_adapter]: [pinky_02] 목적지에 닿지 못했습니다 (Nav2 status 6). 도착 반경이 코스트맵 한 칸보다 촘촘하면 영영 못 맞춥니다.
[python3-21] [WARN] [1786605891.506702545] [project1_pinky_fleet_adapter]: No parking spots available, using charging waypoint [5] for robot [project1_pinky/pinky_02]
[schedule_visualizer_node-4] [WARN] [1786606396.781318437] [schedule_data_node]: Failed to update using patch for DB version 154 (mirror version: none, patch base: 153); requesting new update
[python3-21] [WARN] [1786606396.781353700] [project1_pinky_fleet_adapter]: Failed to update using patch for DB version 154 (mirror version: none, patch base: 153); requesting new update
[controller_server-13] [WARN] [1786606420.349207711] [pinky_02.controller_server]: Control loop missed its desired rate of 20.0000 Hz. Current loop rate is inf Hz.
[controller_server-13] [WARN] [1786606461.853871677] [pinky_02.controller_server]: Control loop missed its desired rate of 20.0000 Hz. Current loop rate is 100.0000 Hz.
[bt_navigator-17] [WARN] [1786606530.842561289] [pinky_02.bt_navigator_navigate_to_pose_rclcpp_node]: Timed out while waiting for action server to acknowledge goal request for compute_path_to_pose
[bt_navigator-17] [ERROR] [1786606530.863010908] [pinky_02.bt_navigator_navigate_to_pose_rclcpp_node]: Failed to get result for follow_path in node halt!
[bt_navigator-17] [WARN] [1786606530.863131481] [pinky_02.bt_navigator]: [navigate_to_pose] [ActionServer] Aborting handle.
[bt_navigator-17] [ERROR] [1786606530.863244423] [pinky_02.bt_navigator]: Goal failed
[python3-21] [ERROR] [1786606530.864381301] [project1_pinky_nav2_adapter]: [pinky_02] 목적지에 닿지 못했습니다 (Nav2 status 6). 도착 반경이 코스트맵 한 칸보다 촘촘하면 영영 못 맞춥니다.
[controller_server-13] [WARN] [1786606595.800321571] [pinky_02.controller_server]: RegulatedPurePursuitController detected collision ahead!
[controller_server-13] [WARN] [1786606596.499872519] [pinky_02.controller_server]: RegulatedPurePursuitController detected collision ahead!
[controller_server-13] [WARN] [1786606600.258573947] [pinky_02.controller_server]: RegulatedPurePursuitController detected collision ahead!
[controller_server-13] [WARN] [1786606600.600413173] [pinky_02.controller_server]: RegulatedPurePursuitController detected collision ahead!
[controller_server-13] [WARN] [1786606601.749886951] [pinky_02.controller_server]: RegulatedPurePursuitController detected collision ahead!
[controller_server-13] [WARN] [1786606603.200091837] [pinky_02.controller_server]: RegulatedPurePursuitController detected collision ahead!
[controller_server-13] [WARN] [1786606603.699680725] [pinky_02.controller_server]: RegulatedPurePursuitController detected collision ahead!
[controller_server-13] [WARN] [1786606604.899896136] [pinky_02.controller_server]: RegulatedPurePursuitController detected collision ahead!
[controller_server-13] [WARN] [1786606605.750149917] [pinky_02.controller_server]: RegulatedPurePursuitController detected collision ahead!
[controller_server-13] [WARN] [1786606607.800056841] [pinky_02.controller_server]: RegulatedPurePursuitController detected collision ahead!
[controller_server-13] [WARN] [1786606611.099930578] [pinky_02.controller_server]: RegulatedPurePursuitController detected collision ahead!
[controller_server-13] [WARN] [1786606611.900016176] [pinky_02.controller_server]: RegulatedPurePursuitController detected collision ahead!
[controller_server-13] [WARN] [1786606614.849762916] [pinky_02.controller_server]: RegulatedPurePursuitController detected collision ahead!
[controller_server-13] [WARN] [1786606614.949962107] [pinky_02.controller_server]: RegulatedPurePursuitController detected collision ahead!
