=== 2026-08-12 01:40:22 project1 실행 ===
월드에 센서 시스템을 넣었습니다: gz::sim::systems::Sensors, gz::sim::systems::Imu
월드의 충돌 검출기를 bullet 으로 바꿨습니다.
[1/2] Gazebo bringup
[INFO] [launch]: All log files can be found below /home/gyi/.ros/log/2026-08-12-01-40-23-410896-gyi-15UD50T-GX5JK-150916
[INFO] [launch]: Default logging verbosity is set to INFO
[INFO] [gazebo-1]: process started with pid [150928]
[INFO] [robot_state_publisher-2]: process started with pid [150929]
[INFO] [create-3]: process started with pid [150930]
[INFO] [spawner-4]: process started with pid [150932]
[INFO] [spawner-5]: process started with pid [150933]
[INFO] [spawner-6]: process started with pid [150934]
[INFO] [parameter_bridge-7]: process started with pid [150935]
[robot_state_publisher-2] [INFO] [1786466424.161317936] [omx_01.robot_state_publisher]: Robot initialized
[create-3] [INFO] [1786466424.166385445] [omx_01.ros_gz_sim]: Requesting list of world names.
[gazebo-1] [1;33mWarning [Utils.cc:132][0m [/sdf/world[@name="sim_world"]/gui/window:/home/gyi/robosapiens/rmf_maps/project1/project1.world:L34]: XML Element[window], child of element[gui], not defined in SDF. Copying[window] as children of [gui].
[spawner-4] [INFO] [1786466424.561350748] [omx_01.spawner_joint_state_broadcaster]: waiting for service /omx_01/controller_manager/list_controllers to become available...
[gazebo-1] [INFO] [1786466424.603673463] [rmf_simulation_door_manager]: Loading DoorManager
[gazebo-1] [INFO] [1786466424.612338110] [rmf_simulation_lift_manager]: Starting LiftManager
[gazebo-1] [1;33m[Wrn] [SdfEntityCreator.cc:933] [0m[1;33mGazebo does not support Ogre material scripts. See [0m[1;33mhttps://gazebosim.org/api/sim/8/migrationsdf.html#:~:text=Materials [0m[1;33mfor details.[0m[1;33m[0m
[gazebo-1] [1;33m[Wrn] [SdfEntityCreator.cc:939] [0m[1;33mCustom material scripts are not supported.[0m[1;33m[0m
[gazebo-1] [1;33m[Wrn] [SdfEntityCreator.cc:933] [0m[1;33mGazebo does not support Ogre material scripts. See [0m[1;33mhttps://gazebosim.org/api/sim/8/migrationsdf.html#:~:text=Materials [0m[1;33mfor details.[0m[1;33m[0m
[gazebo-1] [1;33m[Wrn] [SdfEntityCreator.cc:939] [0m[1;33mCustom material scripts are not supported.[0m[1;33m[0m
[create-3] [INFO] [1786466424.719181328] [omx_01.ros_gz_sim]: Waiting messages on topic [robot_description].
[create-3] [INFO] [1786466424.730759264] [omx_01.ros_gz_sim]: Entity creation successful.
[INFO] [create-3]: process has finished cleanly [pid 150930]
[parameter_bridge-7] [INFO] [1786466425.186856843] [gz_bridge]: Creating GZ->ROS Bridge: [/clock (gz.msgs.Clock) -> /clock (rosgraph_msgs/msg/Clock)] (Lazy 0)
[parameter_bridge-7] [INFO] [1786466425.188649296] [gz_bridge]: Creating GZ->ROS Bridge: [/tf (gz.msgs.Pose_V) -> /tf (tf2_msgs/msg/TFMessage)] (Lazy 0)
[gazebo-1] [INFO] [1786466426.295564204] [omx_01.gz_ros_control]: [gz_ros2_control] Fixed joint ['world_fixed'] (Entity='38') is skipped.
[gazebo-1] [INFO] [1786466426.297830715] [omx_01.gz_ros_control]: Loading controller_manager
[gazebo-1] [INFO] [1786466426.311607875] [omx_01.controller_manager]: Using ROS clock for triggering controller manager cycles.
[gazebo-1] [INFO] [1786466426.314291589] [omx_01.controller_manager]: Subscribing to '/omx_01/robot_description' topic for robot description.
[gazebo-1] [WARN] [1786466426.316174442] [omx_01.gz_ros_control]: Waiting RM to load and initialize hardware...
[gazebo-1] [INFO] [1786466426.324732207] [omx_01.controller_manager]: Received robot description from topic.
[gazebo-1] [INFO] [1786466426.324783944] [omx_01.controller_manager]: Enforcing command limits is disabled. Command limits from URDF will be ignored.
[gazebo-1] [INFO] [1786466426.330340663] [omx_01.gz_ros_control]: The position_proportional_gain has been set to: 0.1
[gazebo-1] [INFO] [1786466426.330379196] [omx_01.gz_ros_control]: Loading joint: joint1
[gazebo-1] [INFO] [1786466426.330383512] [omx_01.gz_ros_control]: 	State:
[gazebo-1] [INFO] [1786466426.330386944] [omx_01.gz_ros_control]: 		 position
[gazebo-1] [INFO] [1786466426.330389228] [omx_01.gz_ros_control]: 		 velocity
[gazebo-1] [INFO] [1786466426.330394396] [omx_01.gz_ros_control]: 		 effort
[gazebo-1] [INFO] [1786466426.330396768] [omx_01.gz_ros_control]: 	Command:
[gazebo-1] [INFO] [1786466426.330398698] [omx_01.gz_ros_control]: 		 position
[gazebo-1] [INFO] [1786466426.330406778] [omx_01.gz_ros_control]: Loading joint: joint2
[gazebo-1] [INFO] [1786466426.330408844] [omx_01.gz_ros_control]: 	State:
[gazebo-1] [INFO] [1786466426.330410470] [omx_01.gz_ros_control]: 		 position
[gazebo-1] [INFO] [1786466426.330412200] [omx_01.gz_ros_control]: 		 velocity
[gazebo-1] [INFO] [1786466426.330414508] [omx_01.gz_ros_control]: 		 effort
[gazebo-1] [INFO] [1786466426.330416151] [omx_01.gz_ros_control]: 	Command:
[gazebo-1] [INFO] [1786466426.330417694] [omx_01.gz_ros_control]: 		 position
[gazebo-1] [INFO] [1786466426.330423444] [omx_01.gz_ros_control]: Loading joint: joint3
[gazebo-1] [INFO] [1786466426.330425173] [omx_01.gz_ros_control]: 	State:
[gazebo-1] [INFO] [1786466426.330426801] [omx_01.gz_ros_control]: 		 position
[gazebo-1] [INFO] [1786466426.330428454] [omx_01.gz_ros_control]: 		 velocity
[gazebo-1] [INFO] [1786466426.330430203] [omx_01.gz_ros_control]: 		 effort
[gazebo-1] [INFO] [1786466426.330432554] [omx_01.gz_ros_control]: 	Command:
[gazebo-1] [INFO] [1786466426.330434119] [omx_01.gz_ros_control]: 		 position
[gazebo-1] [INFO] [1786466426.330439106] [omx_01.gz_ros_control]: Loading joint: joint4
[gazebo-1] [INFO] [1786466426.330440953] [omx_01.gz_ros_control]: 	State:
[gazebo-1] [INFO] [1786466426.330442487] [omx_01.gz_ros_control]: 		 position
[gazebo-1] [INFO] [1786466426.330444129] [omx_01.gz_ros_control]: 		 velocity
[gazebo-1] [INFO] [1786466426.330445773] [omx_01.gz_ros_control]: 		 effort
[gazebo-1] [INFO] [1786466426.330447406] [omx_01.gz_ros_control]: 	Command:
[gazebo-1] [INFO] [1786466426.330449071] [omx_01.gz_ros_control]: 		 position
[gazebo-1] [INFO] [1786466426.330455881] [omx_01.gz_ros_control]: Loading joint: gripper_left_joint
[gazebo-1] [INFO] [1786466426.330458075] [omx_01.gz_ros_control]: 	State:
[gazebo-1] [INFO] [1786466426.330459719] [omx_01.gz_ros_control]: 		 position
[gazebo-1] [INFO] [1786466426.330461441] [omx_01.gz_ros_control]: 		 velocity
[gazebo-1] [INFO] [1786466426.330463069] [omx_01.gz_ros_control]: 		 effort
[gazebo-1] [INFO] [1786466426.330464683] [omx_01.gz_ros_control]: 	Command:
[gazebo-1] [INFO] [1786466426.330466172] [omx_01.gz_ros_control]: 		 position
[gazebo-1] [INFO] [1786466426.330471598] [omx_01.gz_ros_control]: Loading joint: gripper_right_joint
[gazebo-1] [INFO] [1786466426.330474436] [omx_01.gz_ros_control]: Joint 'gripper_right_joint'is mimicking joint 'gripper_left_joint' with multiplier: 1 and offset: 0
[gazebo-1] [INFO] [1786466426.330476830] [omx_01.gz_ros_control]: 	State:
[gazebo-1] [INFO] [1786466426.330478374] [omx_01.gz_ros_control]: 		 position
[gazebo-1] [INFO] [1786466426.330479977] [omx_01.gz_ros_control]: 		 velocity
[gazebo-1] [INFO] [1786466426.330482764] [omx_01.gz_ros_control]: 		 effort
[gazebo-1] [INFO] [1786466426.330484474] [omx_01.gz_ros_control]: 	Command:
[gazebo-1] [INFO] [1786466426.330549560] [omx_01.controller_manager]: Initialize hardware 'OpenManipulatorXSystem' 
[gazebo-1] [WARN] [1786466426.330580684] [omx_01.controller_manager.hardware_component.system.OpenManipulatorXSystem]: Executor is not available during hardware component initialization for 'OpenManipulatorXSystem'. Skipping node creation!
[gazebo-1] [INFO] [1786466426.330631838] [omx_01.controller_manager]: Successful initialization of hardware 'OpenManipulatorXSystem'
[gazebo-1] [INFO] [1786466426.330716924] [omx_01.controller_manager]: Activating component 'OpenManipulatorXSystem'.
[gazebo-1] [INFO] [1786466426.330722519] [resource_manager]: 'configure' hardware 'OpenManipulatorXSystem' 
[gazebo-1] [INFO] [1786466426.330725012] [omx_01.gz_ros_control]: System Successfully configured!
[gazebo-1] [INFO] [1786466426.330727529] [resource_manager]: Successful 'configure' of hardware 'OpenManipulatorXSystem'
[gazebo-1] [INFO] [1786466426.330732429] [resource_manager]: 'activate' hardware 'OpenManipulatorXSystem' 
[gazebo-1] [INFO] [1786466426.330741040] [resource_manager]: Successful 'activate' of hardware 'OpenManipulatorXSystem'
[gazebo-1] [WARN] [1786466426.330784833] [omx_01.controller_manager]: Component 'OpenManipulatorXSystem' does not have read or write statistics initialized, skipping registration.
[gazebo-1] [INFO] [1786466426.330788421] [omx_01.controller_manager]: Resource Manager has been successfully initialized. Starting Controller Manager services...
[gazebo-1] [INFO] [1786466426.564561635] [omx_01.controller_manager]: Loading controller : 'joint_state_broadcaster' of type 'joint_state_broadcaster/JointStateBroadcaster'
[gazebo-1] [INFO] [1786466426.564604914] [omx_01.controller_manager]: Loading controller 'joint_state_broadcaster'
[gazebo-1] [INFO] [1786466426.568496602] [omx_01.controller_manager]: Controller 'joint_state_broadcaster' node arguments: --ros-args --params-file /home/gyi/robosapiens/open_manipulator/install/open_manipulator_bringup/share/open_manipulator_bringup/config/open_manipulator_x/hardware_controller_manager.yaml -p use_sim_time:=true --param use_sim_time:=true 
[spawner-4] [INFO] [1786466426.575544587] [omx_01.spawner_joint_state_broadcaster]: Loaded joint_state_broadcaster
[gazebo-1] [INFO] [1786466426.576123070] [omx_01.controller_manager]: Configuring controller: 'joint_state_broadcaster'
[gazebo-1] [INFO] [1786466426.576276115] [omx_01.joint_state_broadcaster]: 'joints' or 'interfaces' parameter is empty. All available state interfaces will be published
[gazebo-1] [INFO] [1786466426.583991212] [omx_01.controller_manager]: Activating controllers: [ joint_state_broadcaster ]
[gazebo-1] [1;31m[Err] [Physics.cc:1808] [0m[1;31mAttempting to create a mimic constraint for joint [[0m[1;31mgripper_right_joint[0m[1;31m] but the chosen physics engine does not support [0m[1;31mmimic constraints, so no constraint will be [0m[1;31mcreated.[0m[1;31m[0m
[gazebo-1] [INFO] [1786466428.417846091] [omx_01.controller_manager]: Successfully switched controllers!
[spawner-4] [INFO] [1786466428.443419426] [omx_01.spawner_joint_state_broadcaster]: Configured and activated joint_state_broadcaster
[spawner-5] [INFO] [1786466428.515820573] [omx_01.spawner_arm_controller]: waiting for service /omx_01/controller_manager/list_controllers to become available...
[2/2] Open-RMF
[INFO] [spawner-4]: process has finished cleanly [pid 150932]
[INFO] [launch]: All log files can be found below /home/gyi/.ros/log/2026-08-12-01-40-28-748274-gyi-15UD50T-GX5JK-151166
[INFO] [launch]: Default logging verbosity is set to INFO
[INFO] [rmf_traffic_schedule-1]: process started with pid [151169]
[INFO] [rmf_traffic_blockade-2]: process started with pid [151170]
[INFO] [building_map_server-3]: process started with pid [151171]
[INFO] [schedule_visualizer_node-4]: process started with pid [151172]
[INFO] [fleetstates_visualizer_node-5]: process started with pid [151173]
[INFO] [rmf_visualization_building_systems-6]: process started with pid [151174]
[INFO] [navgraph_visualizer_node-7]: process started with pid [151175]
[INFO] [floorplan_visualizer_node-8]: process started with pid [151176]
[INFO] [obstacle_visualizer_node-9]: process started with pid [151177]
[INFO] [door_supervisor-10]: process started with pid [151178]
[INFO] [lift_supervisor-11]: process started with pid [151179]
[INFO] [rmf_task_dispatcher-12]: process started with pid [151180]
[INFO] [mutex_group_supervisor-13]: process started with pid [151181]
[INFO] [fleet_manager-14]: process started with pid [151182]
[INFO] [fleet_adapter-15]: process started with pid [151183]
[fleetstates_visualizer_node-5] [INFO] [1786466429.032791980] [fleet_states_visualizer]: Configuring fleet_states_visualizer...
[fleetstates_visualizer_node-5] [INFO] [1786466429.034646926] [fleet_states_visualizer]: Setting parameter initial_map_name to L1
[fleetstates_visualizer_node-5] [INFO] [1786466429.034689555] [fleet_states_visualizer]: Setting parameter fleet_state_nose_scale to 0.500000
[fleetstates_visualizer_node-5] [INFO] [1786466429.041175247] [fleet_states_visualizer]: Running fleet_states_visualizer...
[obstacle_visualizer_node-9] [INFO] [1786466429.067764355] [rmf_obstacle_visualizer]: Beginning RMF obstacle visualizer node
[floorplan_visualizer_node-8] [INFO] [1786466429.087709769] [floorplan_visualizer]: Configuring floorplan_visualizer...
[floorplan_visualizer_node-8] [INFO] [1786466429.088419028] [floorplan_visualizer]: Setting parameter initial_map_name to L1
[rmf_task_dispatcher-12] ~Initializing Dispatcher Node~
[floorplan_visualizer_node-8] [INFO] [1786466429.096228587] [floorplan_visualizer]: Running floorplan_visualizer...
[navgraph_visualizer_node-7] [INFO] [1786466429.108253904] [navgraph_visualizer]: Setting parameter initial_map_name to L1
[navgraph_visualizer_node-7] [INFO] [1786466429.108368886] [navgraph_visualizer]: Setting parameter lane_width to 0.500000
[navgraph_visualizer_node-7] [INFO] [1786466429.108400399] [navgraph_visualizer]: Setting parameter lane_transparency to 0.600000
[navgraph_visualizer_node-7] [INFO] [1786466429.108425851] [navgraph_visualizer]: Setting parameter waypoint_scale to 1.300000
[navgraph_visualizer_node-7] [INFO] [1786466429.108453247] [navgraph_visualizer]: Setting parameter text_scale to 0.700000
[schedule_visualizer_node-4] [INFO] [1786466429.113950380] [schedule_visualizer_node]: Setting parameter rate to 10.000000
[schedule_visualizer_node-4] [INFO] [1786466429.114098822] [schedule_visualizer_node]: Setting parameter path_width to 0.200000
[schedule_visualizer_node-4] [INFO] [1786466429.114148900] [schedule_visualizer_node]: Setting parameter initial_map_name to L1
[schedule_visualizer_node-4] [INFO] [1786466429.114187981] [schedule_visualizer_node]: Setting parameter wait_secs to 10
[schedule_visualizer_node-4] [INFO] [1786466429.114221740] [schedule_visualizer_node]: Setting parameter port to 8006
[schedule_visualizer_node-4] [INFO] [1786466429.114250346] [schedule_visualizer_node]: Setting parameter retained_history_count to 50
[rmf_task_dispatcher-12] [INFO] [1786466429.119006810] [rmf_dispatcher_node]:  Declared Time Window Param as: 2.000000 secs
[rmf_task_dispatcher-12] [INFO] [1786466429.119201902] [rmf_dispatcher_node]:  Declared Terminated Tasks Max Size Param as: 100
[rmf_task_dispatcher-12] [INFO] [1786466429.119234961] [rmf_dispatcher_node]:  Declared publish_active_tasks_period as: 2 secs
[rmf_task_dispatcher-12] [INFO] [1786466429.119267207] [rmf_dispatcher_node]:  Use timestamp with task_id: false
[rmf_task_dispatcher-12] [INFO] [1786466429.119296515] [rmf_dispatcher_node]:  Use unique hex string with task_id: true
[rmf_traffic_schedule-1] [INFO] [1786466429.125783646] [rmf_traffic_schedule_primary]: Successfully loaded logfile .rmf_schedule_node.yaml 
[rmf_traffic_schedule-1] [INFO] [1786466429.134277175] [rmf_traffic_schedule_primary]: Set up heartbeat on /rmf_traffic/heartbeat with liveliness lease duration of 10000 ms and deadline of 10000 ms
[rmf_task_dispatcher-12] [INFO] [1786466429.136962308] [rmf_dispatcher_node]: Starting task dispatcher node
[navgraph_visualizer_node-7] [INFO] [1786466429.139012150] [navgraph_visualizer]: NavGraph visualizer is running...
[rmf_traffic_blockade-2] [INFO] [1786466429.169279774] [rmf_traffic_blockade_node]: Beginning traffic blockade node
[rmf_traffic_schedule-1] [INFO] [1786466429.196402372] [rmf_traffic_schedule_primary]: Beginning traffic schedule node
[gazebo-1] [INFO] [1786466429.273718742] [omx_01.controller_manager]: Loading controller : 'arm_controller' of type 'joint_trajectory_controller/JointTrajectoryController'
[gazebo-1] [INFO] [1786466429.273765594] [omx_01.controller_manager]: Loading controller 'arm_controller'
[gazebo-1] [INFO] [1786466429.281425243] [omx_01.controller_manager]: Controller 'arm_controller' node arguments: --ros-args --params-file /home/gyi/robosapiens/open_manipulator/install/open_manipulator_bringup/share/open_manipulator_bringup/config/open_manipulator_x/hardware_controller_manager.yaml -p use_sim_time:=true --param use_sim_time:=true 
[spawner-5] [INFO] [1786466429.332016123] [omx_01.spawner_arm_controller]: Loaded arm_controller
[gazebo-1] [INFO] [1786466429.333060382] [omx_01.controller_manager]: Configuring controller: 'arm_controller'
[gazebo-1] [INFO] [1786466429.333255776] [omx_01.arm_controller]: No specific joint names are used for command interfaces. Using 'joints' parameter.
[gazebo-1] [INFO] [1786466429.333279067] [omx_01.arm_controller]: Command interfaces are [position] and state interfaces are [position velocity].
[gazebo-1] [INFO] [1786466429.333303690] [omx_01.arm_controller]: Using 'splines' interpolation method.
[gazebo-1] [INFO] [1786466429.336481612] [omx_01.arm_controller]: Goals with partial set of joints are allowed
[gazebo-1] [INFO] [1786466429.336513106] [omx_01.arm_controller]: Action status changes will be monitored at 20.00 Hz.
[gazebo-1] [INFO] [1786466429.351464544] [omx_01.arm_controller]: Setting initial scaling factor to 1.000000
[gazebo-1] [INFO] [1786466429.351505862] [omx_01.arm_controller]: No scaling interface set. This controller will not read speed scaling from the hardware.
[gazebo-1] [INFO] [1786466429.460093664] [omx_01.controller_manager]: Activating controllers: [ arm_controller ]
[gazebo-1] [INFO] [1786466429.490935155] [omx_01.controller_manager]: Successfully switched controllers!
[spawner-5] [INFO] [1786466429.518068305] [omx_01.spawner_arm_controller]: Configured and activated arm_controller
[rmf_visualization_building_systems-6] [INFO] [1786466429.621145396] [building_systems_visualizer]: Building systems visualizer started...
[spawner-6] [INFO] [1786466429.654695008] [omx_01.spawner_gripper_controller]: waiting for service /omx_01/controller_manager/list_controllers to become available...
[INFO] [spawner-5]: process has finished cleanly [pid 150933]
[fleet_adapter-15] [retreat_to_charger_interval] value is not provided, default to 10 seconds
[fleet_adapter-15] Default fleet finishing task set to [park]
[fleet_adapter-15] Maximum delay is not provided, default to 10.0
[building_map_server-3] [INFO] [1786466429.760505501] [building_map_server]: loading map path: /home/gyi/robosapiens/rmf_maps/project1/project1.building.yaml
[building_map_server-3] [INFO] [1786466429.764801153] [building_map_server]: opening: /home/gyi/robosapiens/rmf_maps/project1/gwanghee.png
[building_map_server-3] [INFO] [1786466429.765336021] [building_map_server]: read 179943 byte image
[building_map_server-3] [INFO] [1786466429.766045367] [building_map_server]: unable to generate GeoJSON for this map.
[building_map_server-3] [INFO] [1786466429.770947070] [building_map_server]: publishing map...
[building_map_server-3] [INFO] [1786466429.772016249] [building_map_server]: ready to serve map: "project1"  Ctrl+C to exit...
[rmf_traffic_schedule-1] [INFO] [1786466429.780254387] [rmf_traffic_schedule_primary]: Registered new query [1]
[schedule_visualizer_node-4] [INFO] [1786466429.784238657] [schedule_data_node]: Registering to query topic rmf_traffic/query_update_1
[schedule_visualizer_node-4] [INFO] [1786466429.795126079] [schedule_data_node]: [rmf_traffic_ros2::MirrorManager::request_update] Requesting changes for query ID [1] since beginning of recorded history
[rmf_traffic_schedule-1] [INFO] [1786466429.798142471] [rmf_traffic_schedule_primary]: [ScheduleNode::update_mirrors] Sending remedial update starting from the beginning going to 2 for query 1
[schedule_visualizer_node-4] [INFO] [1786466429.813121949] [schedule_visualizer_node]: Successfully connected to rmf_traffic_schedule node.
[schedule_visualizer_node-4] [INFO] [1786466429.814264749] [schedule_data_node]: Mirror handling new sync of 1 queries from schedule node [09f2c13a-41b8-4c91-8d80-f2f4b730cf5d]
[fleet_adapter-15] [INFO] [1786466429.815213082] [project1_pinky_fleet_adapter]: Parameter [discovery_timeout] set to: 60.000000
[fleet_manager-14] Starting fleet manager...
[fleet_manager-14] Traceback (most recent call last):
[fleet_manager-14]   File "/home/gyi/rmf_ws/install/rmf_demos_fleet_adapter/lib/rmf_demos_fleet_adapter/fleet_manager", line 33, in <module>
[fleet_manager-14]     sys.exit(load_entry_point('rmf-demos-fleet-adapter==2.9.0', 'console_scripts', 'fleet_manager')())
[fleet_manager-14]              ^^^^^^^^^^^^^^^^^^^^^^^^^^^^^^^^^^^^^^^^^^^^^^^^^^^^^^^^^^^^^^^^^^^^^^^^^^^^^^^^^^^^^^^^
[fleet_manager-14]   File "/home/gyi/rmf_ws/install/rmf_demos_fleet_adapter/lib/python3.12/site-packages/rmf_demos_fleet_adapter/fleet_manager.py", line 581, in main
[rmf_traffic_schedule-1] [INFO] [1786466430.002527236] [rmf_traffic_schedule_primary]: A new mirror is tracking query ID [1]
[schedule_visualizer_node-4] [INFO] [1786466430.002770424] [schedule_data_node]: Mirror handling new sync of 1 queries from schedule node [09f2c13a-41b8-4c91-8d80-f2f4b730cf5d]
[fleet_manager-14]     fleet_manager = FleetManager(config)
[fleet_manager-14]                     ^^^^^^^^^^^^^^^^^^^^
[fleet_manager-14]   File "/home/gyi/rmf_ws/install/rmf_demos_fleet_adapter/lib/python3.12/site-packages/rmf_demos_fleet_adapter/fleet_manager.py", line 122, in __init__
[fleet_manager-14]     assert len(self.robots) > 0
[fleet_manager-14]            ^^^^^^^^^^^^^^^^^^^^
[fleet_manager-14] AssertionError
[ERROR] [fleet_manager-14]: process has died [pid 151182, exit code 1, cmd '/home/gyi/rmf_ws/install/rmf_demos_fleet_adapter/lib/rmf_demos_fleet_adapter/fleet_manager --config_file /home/gyi/robosapiens/rmf_maps/project1/project1_pinky_config.yaml --ros-args --params-file /tmp/launch_params_085422_w'].
[fleet_adapter-15] [INFO] [1786466430.375863801] [project1_pinky_fleet_adapter]: Registering to query topic rmf_traffic/query_update_1
[fleet_adapter-15] [INFO] [1786466430.393533756] [project1_pinky_fleet_adapter]: Mirror handling new sync of 1 queries from schedule node [09f2c13a-41b8-4c91-8d80-f2f4b730cf5d]
[fleet_adapter-15] [WARN] [1786466431.407182228] [project1_pinky_fleet_adapter]: [FleetUpdateHandle::set_retreat_to_charger_interval] This parameter is no longer being used.
[fleet_adapter-15] [INFO] [1786466431.407228220] [project1_pinky_fleet_adapter]: Fleet [project1_pinky] is configured to perform delivery tasks
[fleet_adapter-15] [INFO] [1786466431.407243323] [project1_pinky_fleet_adapter]: Fleet [project1_pinky] is configured to perform patrol tasks
[fleet_adapter-15] [INFO] [1786466431.407293099] [project1_pinky_fleet_adapter]: Finished configuring Easy Full Control adapter for fleet [project1_pinky]
[fleet_adapter-15] [INFO] [1786466431.407525272] [project1_pinky_fleet_adapter]: Setting planner_cache_reset_size to [2500]
[fleet_adapter-15] Starting fleet adapter...
[fleet_adapter-15] Traceback (most recent call last):
[fleet_adapter-15]   File "/home/gyi/rmf_ws/install/rmf_demos_fleet_adapter/lib/rmf_demos_fleet_adapter/fleet_adapter", line 33, in <module>
[fleet_adapter-15]     sys.exit(load_entry_point('rmf-demos-fleet-adapter==2.9.0', 'console_scripts', 'fleet_adapter')())
[fleet_adapter-15]              ^^^^^^^^^^^^^^^^^^^^^^^^^^^^^^^^^^^^^^^^^^^^^^^^^^^^^^^^^^^^^^^^^^^^^^^^^^^^^^^^^^^^^^^^
[fleet_adapter-15]   File "/home/gyi/rmf_ws/install/rmf_demos_fleet_adapter/lib/python3.12/site-packages/rmf_demos_fleet_adapter/fleet_adapter.py", line 134, in main
[fleet_adapter-15]     api_prefix, fleet_mgr_yaml['user'], fleet_mgr_yaml['password']
[fleet_adapter-15]                 ~~~~~~~~~~~~~~^^^^^^^^
[fleet_adapter-15] KeyError: 'user'
[fleet_adapter-15] terminate called after throwing an instance of 'std::system_error'
[fleet_adapter-15]   what():  Resource deadlock avoided
[fleet_adapter-15] Fatal Python error: Aborted
[fleet_adapter-15] Thread 0x00007be0705d9740 (most recent call first):
[fleet_adapter-15]   <no Python frame>
[gazebo-1] [INFO] [1786466431.768089606] [omx_01.controller_manager]: Loading controller : 'gripper_controller' of type 'position_controllers/GripperActionController'
[gazebo-1] [INFO] [1786466431.768137944] [omx_01.controller_manager]: Loading controller 'gripper_controller'
[gazebo-1] [INFO] [1786466431.771493979] [omx_01.controller_manager]: Controller 'gripper_controller' node arguments: --ros-args --params-file /home/gyi/robosapiens/open_manipulator/install/open_manipulator_bringup/share/open_manipulator_bringup/config/open_manipulator_x/hardware_controller_manager.yaml -p use_sim_time:=true --param use_sim_time:=true 
[gazebo-1] [WARN] [1786466431.786404123] [omx_01.gripper_controller]: [Deprecated]: the `position_controllers/GripperActionController` and `effort_controllers::GripperActionController` controllers are replaced by 'parallel_gripper_controllers/GripperActionController' controller
[spawner-6] [INFO] [1786466431.801940856] [omx_01.spawner_gripper_controller]: Loaded gripper_controller
[gazebo-1] [INFO] [1786466431.803237152] [omx_01.controller_manager]: Configuring controller: 'gripper_controller'
[gazebo-1] [INFO] [1786466431.803342645] [omx_01.gripper_controller]: Action status changes will be monitored at 20.000000 Hz.
[gazebo-1] [INFO] [1786466431.827034876] [omx_01.controller_manager]: Activating controllers: [ gripper_controller ]
[gazebo-1] [INFO] [1786466431.853340272] [omx_01.controller_manager]: Successfully switched controllers!
[spawner-6] [INFO] [1786466431.880884097] [omx_01.spawner_gripper_controller]: Configured and activated gripper_controller
[INFO] [spawner-6]: process has finished cleanly [pid 150934]
[ERROR] [fleet_adapter-15]: process has died [pid 151183, exit code -6, cmd '/home/gyi/rmf_ws/install/rmf_demos_fleet_adapter/lib/rmf_demos_fleet_adapter/fleet_adapter -c /home/gyi/robosapiens/rmf_maps/project1/project1_pinky_config.yaml -n /home/gyi/robosapiens/rmf_maps/project1/nav_graphs/0.yaml -sim --ros-args --params-file /tmp/launch_params__tzh7_1w --params-file /tmp/launch_params_t5qz50su'].
[schedule_visualizer_node-4] [INFO] [1786466449.813782574] [schedule_data_node]: Requesting new schedule update because update timed out
[schedule_visualizer_node-4] [INFO] [1786466449.813825058] [schedule_data_node]: [rmf_traffic_ros2::MirrorManager::request_update] Requesting changes for query ID [1] since beginning of recorded history
[rmf_traffic_schedule-1] [INFO] [1786466449.818261871] [rmf_traffic_schedule_primary]: [ScheduleNode::update_mirrors] Sending remedial update starting from the beginning going to 2 for query 1
[schedule_visualizer_node-4] [INFO] [1786466469.818366737] [schedule_data_node]: Requesting new schedule update because update timed out
[schedule_visualizer_node-4] [INFO] [1786466469.818418517] [schedule_data_node]: [rmf_traffic_ros2::MirrorManager::request_update] Requesting changes for query ID [1] since version [2]
[schedule_visualizer_node-4] [INFO] [1786466489.818322516] [schedule_data_node]: Requesting new schedule update because update timed out
[schedule_visualizer_node-4] [INFO] [1786466489.818362240] [schedule_data_node]: [rmf_traffic_ros2::MirrorManager::request_update] Requesting changes for query ID [1] since beginning of recorded history
[rmf_traffic_schedule-1] [INFO] [1786466489.828024675] [rmf_traffic_schedule_primary]: [ScheduleNode::update_mirrors] Sending remedial update starting from the beginning going to 3 for query 1
[WARNING] [launch]: user interrupted with ctrl-c (SIGINT)
[INFO] [mutex_group_supervisor-13]: sending signal 'SIGINT' to process[mutex_group_supervisor-13]
[INFO] [rmf_task_dispatcher-12]: sending signal 'SIGINT' to process[rmf_task_dispatcher-12]
[INFO] [lift_supervisor-11]: sending signal 'SIGINT' to process[lift_supervisor-11]
[INFO] [door_supervisor-10]: sending signal 'SIGINT' to process[door_supervisor-10]
[INFO] [obstacle_visualizer_node-9]: sending signal 'SIGINT' to process[obstacle_visualizer_node-9]
[INFO] [floorplan_visualizer_node-8]: sending signal 'SIGINT' to process[floorplan_visualizer_node-8]
[INFO] [navgraph_visualizer_node-7]: sending signal 'SIGINT' to process[navgraph_visualizer_node-7]
[INFO] [rmf_visualization_building_systems-6]: sending signal 'SIGINT' to process[rmf_visualization_building_systems-6]
[INFO] [fleetstates_visualizer_node-5]: sending signal 'SIGINT' to process[fleetstates_visualizer_node-5]
[INFO] [schedule_visualizer_node-4]: sending signal 'SIGINT' to process[schedule_visualizer_node-4]
[INFO] [building_map_server-3]: sending signal 'SIGINT' to process[building_map_server-3]
[INFO] [rmf_traffic_blockade-2]: sending signal 'SIGINT' to process[rmf_traffic_blockade-2]
[INFO] [rmf_traffic_schedule-1]: sending signal 'SIGINT' to process[rmf_traffic_schedule-1]
[mutex_group_supervisor-13] [INFO] [1786466495.422253212] [rclcpp]: signal_handler(SIGINT/SIGTERM)
[rmf_task_dispatcher-12] [INFO] [1786466495.423562790] [rclcpp]: signal_handler(SIGINT/SIGTERM)
[rmf_task_dispatcher-12] [INFO] [1786466495.423723873] [rmf_dispatcher_node]: Closing down task dispatcher
[lift_supervisor-11] [INFO] [1786466495.424767947] [rclcpp]: signal_handler(SIGINT/SIGTERM)
[door_supervisor-10] [INFO] [1786466495.426568442] [rclcpp]: signal_handler(SIGINT/SIGTERM)
[obstacle_visualizer_node-9] [INFO] [1786466495.428039972] [rclcpp]: signal_handler(SIGINT/SIGTERM)
[floorplan_visualizer_node-8] [INFO] [1786466495.429727697] [rclcpp]: signal_handler(SIGINT/SIGTERM)
[navgraph_visualizer_node-7] [INFO] [1786466495.430773835] [rclcpp]: signal_handler(SIGINT/SIGTERM)
[fleetstates_visualizer_node-5] [INFO] [1786466495.433787531] [rclcpp]: signal_handler(SIGINT/SIGTERM)
[schedule_visualizer_node-4] [INFO] [1786466495.437965458] [rclcpp]: signal_handler(SIGINT/SIGTERM)
[rmf_traffic_blockade-2] [INFO] [1786466495.438049973] [rclcpp]: signal_handler(SIGINT/SIGTERM)
[rmf_traffic_blockade-2] [INFO] [1786466495.441383198] [rmf_traffic_blockade_node]: Closing down traffic blockade node
[rmf_traffic_schedule-1] [INFO] [1786466495.444849529] [rclcpp]: signal_handler(SIGINT/SIGTERM)
[rmf_traffic_schedule-1] [INFO] [1786466495.445246530] [rmf_traffic_schedule_primary]: Closing down traffic schedule node
[rmf_visualization_building_systems-6] Traceback (most recent call last):
[rmf_visualization_building_systems-6]   File "/home/gyi/rmf_ws/install/rmf_visualization_building_systems/lib/python3.12/site-packages/rmf_visualization_building_systems/rmf_visualization_building_systems.py", line 356, in main
[rmf_visualization_building_systems-6]     rclpy.spin(n)
[rmf_visualization_building_systems-6]   File "/opt/ros/jazzy/lib/python3.12/site-packages/rclpy/__init__.py", line 247, in spin
[rmf_visualization_building_systems-6]     executor.spin_once()
[rmf_visualization_building_systems-6]   File "/opt/ros/jazzy/lib/python3.12/site-packages/rclpy/executors.py", line 926, in spin_once
[rmf_visualization_building_systems-6]     self._spin_once_impl(timeout_sec)
[rmf_visualization_building_systems-6]   File "/opt/ros/jazzy/lib/python3.12/site-packages/rclpy/executors.py", line 907, in _spin_once_impl
[rmf_visualization_building_systems-6]     handler, entity, node = self.wait_for_ready_callbacks(
[rmf_visualization_building_systems-6]                             ^^^^^^^^^^^^^^^^^^^^^^^^^^^^^^
[rmf_visualization_building_systems-6]   File "/opt/ros/jazzy/lib/python3.12/site-packages/rclpy/executors.py", line 877, in wait_for_ready_callbacks
[rmf_visualization_building_systems-6]     return next(self._cb_iter)
[rmf_visualization_building_systems-6]            ^^^^^^^^^^^^^^^^^^^
[rmf_visualization_building_systems-6]   File "/opt/ros/jazzy/lib/python3.12/site-packages/rclpy/executors.py", line 781, in _wait_for_ready_callbacks
[rmf_visualization_building_systems-6]     wait_set.wait(timeout_nsec)
[rmf_visualization_building_systems-6] KeyboardInterrupt
[rmf_visualization_building_systems-6] During handling of the above exception, another exception occurred:
[rmf_visualization_building_systems-6] Traceback (most recent call last):
[rmf_visualization_building_systems-6]   File "/home/gyi/rmf_ws/install/rmf_visualization_building_systems/lib/rmf_visualization_building_systems/rmf_visualization_building_systems", line 33, in <module>
[rmf_visualization_building_systems-6]     sys.exit(load_entry_point('rmf-visualization-building-systems==2.6.0', 'console_scripts', 'rmf_visualization_building_systems')())
[rmf_visualization_building_systems-6]              ^^^^^^^^^^^^^^^^^^^^^^^^^^^^^^^^^^^^^^^^^^^^^^^^^^^^^^^^^^^^^^^^^^^^^^^^^^^^^^^^^^^^^^^^^^^^^^^^^^^^^^^^^^^^^^^^^^^^^^^^
[rmf_visualization_building_systems-6]   File "/home/gyi/rmf_ws/install/rmf_visualization_building_systems/lib/python3.12/site-packages/rmf_visualization_building_systems/rmf_visualization_building_systems.py", line 359, in main
[rmf_visualization_building_systems-6]     rclpy.shutdown()
[rmf_visualization_building_systems-6]   File "/opt/ros/jazzy/lib/python3.12/site-packages/rclpy/__init__.py", line 134, in shutdown
[rmf_visualization_building_systems-6]     _shutdown(context=context)
[rmf_visualization_building_systems-6]   File "/opt/ros/jazzy/lib/python3.12/site-packages/rclpy/utilities.py", line 82, in shutdown
[rmf_visualization_building_systems-6]     context.shutdown()
[rmf_visualization_building_systems-6]   File "/opt/ros/jazzy/lib/python3.12/site-packages/rclpy/context.py", line 129, in shutdown
[rmf_visualization_building_systems-6]     self.__context.shutdown()
[rmf_visualization_building_systems-6] rclpy._rclpy_pybind11.RCLError: failed to shutdown: rcl_shutdown already called on the given context, at ./src/rcl/init.c:333
[INFO] [obstacle_visualizer_node-9]: process has finished cleanly [pid 151177]
[INFO] [mutex_group_supervisor-13]: process has finished cleanly [pid 151181]
[INFO] [lift_supervisor-11]: process has finished cleanly [pid 151179]
[INFO] [door_supervisor-10]: process has finished cleanly [pid 151178]
[INFO] [fleetstates_visualizer_node-5]: process has finished cleanly [pid 151173]
[INFO] [navgraph_visualizer_node-7]: process has finished cleanly [pid 151175]
[INFO] [rmf_task_dispatcher-12]: process has finished cleanly [pid 151180]
[INFO] [rmf_traffic_blockade-2]: process has finished cleanly [pid 151170]
[INFO] [schedule_visualizer_node-4]: process has finished cleanly [pid 151172]
[INFO] [floorplan_visualizer_node-8]: process has finished cleanly [pid 151176]
[INFO] [rmf_traffic_schedule-1]: process has finished cleanly [pid 151169]
[INFO] [building_map_server-3]: process has finished cleanly [pid 151171]
[ERROR] [rmf_visualization_building_systems-6]: process has died [pid 151174, exit code 1, cmd '/home/gyi/rmf_ws/install/rmf_visualization_building_systems/lib/rmf_visualization_building_systems/rmf_visualization_building_systems -m L1 --ros-args --params-file /tmp/launch_params_6rj8si7z'].
정리 중...
